EXE$:SATSUT06                                                   22-AUG-1978 07:12        LINKER X01.20                    PAGE    1
                                             +------------------------+
                                             ! OBJECT MODULE SYNOPSIS !
                                             +------------------------+

MODULE NAME     IDENT              BYTES      FILE                                CREATION DATE      CREATOR
-----------     -----              -----      -----                               -------------      -------
SATSUT06        SATSUT06               10 DBA4:[SYSTST.OBJ]SYSTST.OLB;1        22-AUG-1978 04:21  VAX-11 MACRO X0.3-11
SYS             .STB;1                  0 DBA4:[SYSOBJ]SYS.STB;1               22-AUG-1978 06:30  LINK-32 X01.20
DBA4:[SYSTST.OBJ]SATSUT06.EXE;1                                 22-AUG-1978 07:12        LINKER X01.20                    PAGE    2
                                             +------------------------+
                                             ! IMAGE SECTION SYNOPSIS !
                                             +------------------------+

   CLUSTER      TYPE PAGES   BASE ADDR DISK VBN PFC PROTECTION AND PAGING      GBL. SEC. NAME     MATCH     MAJORID   MINORID
   -------      ---- -----   --------- -------- --- ---------------------      --------------     -----     -------   -------

DEFAULT_CLUSTER    0     0    00000200        0   0 READ ONLY    
                   0     1    00000200        2   0 READ WRITE   COPY ON REF
                 253    20    7FFFD800        0   0 READ WRITE DEMAND ZERO  
DBA4:[SYSTST.OBJ]SATSUT06.EXE;1                                 22-AUG-1978 07:12        LINKER X01.20                    PAGE    3
                                            +--------------------------+
                                            ! PROGRAM SECTION SYNOPSIS !
                                            +--------------------------+

P-SECT NAME     MODULE(S)         BASE     END           LENGTH         ALIGN                 ATTRIBUTES
-----------     ---------         ----     ---           ------         -----                 ----------

. BLANK .                       00000200 00000200 00000000 (       0.) BYTE 0 NOPIC,USR,CON,REL,LCL,NOSHR,  EXE,  RD,  WRT
                SATSUT06        00000200 00000200 00000000 (       0.) BYTE 0                                                     

RODATA                          00000200 00000200 00000000 (       0.) BYTE 0 NOPIC,USR,CON,REL,LCL,NOSHR,NOEXE,  RD,NOWRT
                SATSUT06        00000200 00000200 00000000 (       0.) BYTE 0                                                     

SATSUT06                        00000200 00000209 0000000A (      10.) BYTE 0 NOPIC,USR,CON,REL,LCL,NOSHR,  EXE,  RD,  WRT
                SATSUT06        00000200 00000209 0000000A (      10.) BYTE 0                                                     
DBA4:[SYSTST.OBJ]SATSUT06.EXE;1                                 22-AUG-1978 07:12        LINKER X01.20                    PAGE    4
                                             +------------------------+
                                             ! SYMBOL CROSS REFERENCE !
                                             +------------------------+

SYMBOL          VALUE           DEFINED BY            REFERENCED BY ...
------          -----           ----------            -----------------
SYS$HIBER       80000188         SYS                   SATSUT06        
DBA4:[SYSTST.OBJ]SATSUT06.EXE;1                                 22-AUG-1978 07:12        LINKER X01.20                    PAGE    5
                                                +------------------+
                                                ! SYMBOLS BY VALUE !
                                                +------------------+

VALUE                                   SYMBOLS...
-----                                   ----------
80000188       SYS$HIBER      



	KEY FOR SPECIAL CHARACTERS ABOVE:
		+------------------+
		! *  - UNDEFINED   !
		! U  - UNIVERSAL   !
		! R  - RELOCATABLE !
		! WK - WEAK        !
		+------------------+
DBA4:[SYSTST.OBJ]SATSUT06.EXE;1                                 22-AUG-1978 07:12        LINKER X01.20                    PAGE    6
                                                 +----------------+
                                                 ! IMAGE SYNOPSIS !
                                                 +----------------+

VIRTUAL MEMORY ALLOCATED:                00000200 000003FF 00000200 (512. BYTES, 1. PAGE)
STACK SIZE:                                    20. PAGES
IMAGE HEADER VIRTUAL BLOCK LIMITS:              1.        1. (    1. BLOCK)
IMAGE BINARY VIRTUAL BLOCK LIMITS:              2.        2. (    1. BLOCK)
IMAGE NAME AND IDENTIFICATION:           SATSUT06 SATSUT06
NUMBER OF FILES:                                2.
NUMBER OF MODULES:                              2.
NUMBER OF PROGRAM SECTIONS:                     5.
NUMBER OF GLOBAL SYMBOLS:                       1.
NUMBER OF CROSS REFERENCES:                     2.
NUMBER OF IMAGE SECTIONS:                       3.
USER TRANSFER ADDRESS:                   00000200
IMAGE TYPE:                              EXECUTABLE.
MAP FORMAT:                              FULL WITH CROSS REFERENCE IN FILE "DBA4:[SYSTST.LIS]SATSUT06.MAP;1"
ESTIMATED MAP LENGTH:                    17. BLOCKS
                                              +---------------------+
                                              ! LINK RUN STATISTICS !
                                              +---------------------+

PERFORMANCE INDICATORS                            PAGE FAULTS	CPU TIME	ELAPSED TIME
----------- ----------                            ---- ------	--- ----	------- ----
    COMMAND PROCESSING:-                                   11	00:00:00.04	00:00:00.28
    PASS 1:-                                               35	00:00:00.58	00:00:01.52
    ALLOCATION/RELOCATION:-                                 3	00:00:00.02	00:00:00.25
    PASS 2:-                                                2	00:00:00.11	00:00:00.43
    MAP DATA AFTER OBJECT MODULE SYNOPSIS:-                 7	00:00:00.08	00:00:00.07
    SYMBOL TABLE OUTPUT:-                                   0	00:00:00.00	00:00:00.10
TOTAL RUN VALUES:-                                         58	00:00:00.83	00:00:02.70

USING A WORKING SET LIMITED TO 700 PAGES AND 23 PAGES OF DATA STORAGE (EXCLUDING IMAGE)

TOTAL NUMBER OBJECT RECORDS READ (BOTH PASSES):   107
    OF WHICH 16 WERE IN LIBRARIES AND 2 WERE DEBUG DATA RECORDS CONTAINING 84 BYTES

THERE WERE 2 LIBRARY BLOCK READ OPERATIONS
    WHICH ENCOMPASSED A TOTAL OF 4 BLOCKS
    USING A WINDOW OF 10 BLOCKS

NUMBER OF MODULES EXTRACTED EXPLICITLY             = 1
    WITH 0 EXTRACTED TO RESOLVE UNDEFINED SYMBOLS

0 LIBRARY SEARCHES WERE FOR SYMBOLS NOT IN THE LIBRARY SEARCHED

A TOTAL OF 0 GLOBAL SYMBOL TABLE RECORDS WAS WRITTEN
