EXE$:SATSUT02                                                   22-AUG-1978 07:12        LINKER X01.20                    PAGE    1
                                             +------------------------+
                                             ! OBJECT MODULE SYNOPSIS !
                                             +------------------------+

MODULE NAME     IDENT              BYTES      FILE                                CREATION DATE      CREATOR
-----------     -----              -----      -----                               -------------      -------
SATSUT02        SATSUT02               98 DBA4:[SYSTST.OBJ]SYSTST.OLB;1        22-AUG-1978 04:21  VAX-11 MACRO X0.3-11
SYS             .STB;1                  0 DBA4:[SYSOBJ]SYS.STB;1               22-AUG-1978 06:30  LINK-32 X01.20
SYSVECTOR       02                      0 DBA4:[SYSLIB]STARLET.OLB;1           21-AUG-1978 20:14  VAX-11 MACRO X0.3-11
DBA4:[SYSTST.OBJ]SATSUT02.EXE;1                                 22-AUG-1978 07:12        LINKER X01.20                    PAGE    2
                                             +------------------------+
                                             ! IMAGE SECTION SYNOPSIS !
                                             +------------------------+

   CLUSTER      TYPE PAGES   BASE ADDR DISK VBN PFC PROTECTION AND PAGING      GBL. SEC. NAME     MATCH     MAJORID   MINORID
   -------      ---- -----   --------- -------- --- ---------------------      --------------     -----     -------   -------

DEFAULT_CLUSTER    0     1    00000200        2   0 READ ONLY    
                   0     1    00000400        3   0 READ WRITE   COPY ON REF
                 253    20    7FFFD800        0   0 READ WRITE DEMAND ZERO  
DBA4:[SYSTST.OBJ]SATSUT02.EXE;1                                 22-AUG-1978 07:12        LINKER X01.20                    PAGE    3
                                            +--------------------------+
                                            ! PROGRAM SECTION SYNOPSIS !
                                            +--------------------------+

P-SECT NAME     MODULE(S)         BASE     END           LENGTH         ALIGN                 ATTRIBUTES
-----------     ---------         ----     ---           ------         -----                 ----------

RODATA                          00000200 00000213 00000014 (      20.) BYTE 0 NOPIC,USR,CON,REL,LCL,NOSHR,NOEXE,  RD,NOWRT
                SATSUT02        00000200 00000213 00000014 (      20.) BYTE 0                                                     

. BLANK .                       00000400 00000400 00000000 (       0.) BYTE 0 NOPIC,USR,CON,REL,LCL,NOSHR,  EXE,  RD,  WRT
                SATSUT02        00000400 00000400 00000000 (       0.) BYTE 0                                                     
                SYSVECTOR       00000400 00000400 00000000 (       0.) BYTE 0                                                     

SATSUT02                        00000400 0000044D 0000004E (      78.) BYTE 0 NOPIC,USR,CON,REL,LCL,NOSHR,  EXE,  RD,  WRT
                SATSUT02        00000400 0000044D 0000004E (      78.) BYTE 0                                                     
DBA4:[SYSTST.OBJ]SATSUT02.EXE;1                                 22-AUG-1978 07:12        LINKER X01.20                    PAGE    4
                                             +------------------------+
                                             ! SYMBOL CROSS REFERENCE !
                                             +------------------------+

SYMBOL          VALUE           DEFINED BY            REFERENCED BY ...
------          -----           ----------            -----------------
SYS$ASCEFC      80000040         SYSVECTOR             SATSUT02        
SYS$CLREF       80000098         SYS                   SATSUT02        
SYS$DACEFC      800000D0         SYSVECTOR             SATSUT02        
SYS$SETPRN      80000210         SYSVECTOR             SATSUT02        
SYS$WAITFR      80000278         SYS                   SATSUT02        
DBA4:[SYSTST.OBJ]SATSUT02.EXE;1                                 22-AUG-1978 07:12        LINKER X01.20                    PAGE    5
                                                +------------------+
                                                ! SYMBOLS BY VALUE !
                                                +------------------+

VALUE                                   SYMBOLS...
-----                                   ----------
80000040       SYS$ASCEFC     
80000098       SYS$CLREF      
800000D0       SYS$DACEFC     
80000210       SYS$SETPRN     
80000278       SYS$WAITFR     



	KEY FOR SPECIAL CHARACTERS ABOVE:
		+------------------+
		! *  - UNDEFINED   !
		! U  - UNIVERSAL   !
		! R  - RELOCATABLE !
		! WK - WEAK        !
		+------------------+
DBA4:[SYSTST.OBJ]SATSUT02.EXE;1                                 22-AUG-1978 07:12        LINKER X01.20                    PAGE    6
                                                 +----------------+
                                                 ! IMAGE SYNOPSIS !
                                                 +----------------+

VIRTUAL MEMORY ALLOCATED:                00000200 000005FF 00000400 (1024. BYTES, 2. PAGES)
STACK SIZE:                                    20. PAGES
IMAGE HEADER VIRTUAL BLOCK LIMITS:              1.        1. (    1. BLOCK)
IMAGE BINARY VIRTUAL BLOCK LIMITS:              2.        3. (    2. BLOCKS)
IMAGE NAME AND IDENTIFICATION:           SATSUT02 SATSUT02
NUMBER OF FILES:                                4.
NUMBER OF MODULES:                              4.
NUMBER OF PROGRAM SECTIONS:                     8.
NUMBER OF GLOBAL SYMBOLS:                       5.
NUMBER OF CROSS REFERENCES:                    10.
NUMBER OF IMAGE SECTIONS:                       3.
USER TRANSFER ADDRESS:                   00000400
IMAGE TYPE:                              EXECUTABLE.
MAP FORMAT:                              FULL WITH CROSS REFERENCE IN FILE "DBA4:[SYSTST.LIS]SATSUT02.MAP;1"
ESTIMATED MAP LENGTH:                    24. BLOCKS
                                              +---------------------+
                                              ! LINK RUN STATISTICS !
                                              +---------------------+

PERFORMANCE INDICATORS                            PAGE FAULTS	CPU TIME	ELAPSED TIME
----------- ----------                            ---- ------	--- ----	------- ----
    COMMAND PROCESSING:-                                   11	00:00:00.06	00:00:00.27
    PASS 1:-                                               54	00:00:00.89	00:00:02.53
    ALLOCATION/RELOCATION:-                                 2	00:00:00.03	00:00:00.22
    PASS 2:-                                                3	00:00:00.17	00:00:00.81
    MAP DATA AFTER OBJECT MODULE SYNOPSIS:-                 8	00:00:00.11	00:00:00.10
    SYMBOL TABLE OUTPUT:-                                   0	00:00:00.02	00:00:00.11
TOTAL RUN VALUES:-                                         78	00:00:01.28	00:00:04.09

USING A WORKING SET LIMITED TO 700 PAGES AND 52 PAGES OF DATA STORAGE (EXCLUDING IMAGE)

TOTAL NUMBER OBJECT RECORDS READ (BOTH PASSES):   207
    OF WHICH 60 WERE IN LIBRARIES AND 2 WERE DEBUG DATA RECORDS CONTAINING 84 BYTES

THERE WERE 12 LIBRARY BLOCK READ OPERATIONS
    WHICH ENCOMPASSED A TOTAL OF 95 BLOCKS
    USING A WINDOW OF 10 BLOCKS

NUMBER OF MODULES EXTRACTED EXPLICITLY             = 1
    WITH 1 EXTRACTED TO RESOLVE UNDEFINED SYMBOLS

0 LIBRARY SEARCHES WERE FOR SYMBOLS NOT IN THE LIBRARY SEARCHED

A TOTAL OF 0 GLOBAL SYMBOL TABLE RECORDS WAS WRITTEN
