EXE$:SATSSS52                                                   22-AUG-1978 07:09        LINKER X01.20                    PAGE    1
                                             +------------------------+
                                             ! OBJECT MODULE SYNOPSIS !
                                             +------------------------+

MODULE NAME     IDENT              BYTES      FILE                                CREATION DATE      CREATOR
-----------     -----              -----      -----                               -------------      -------
SATSSS52        1.0                  3052 DBA4:[SYSTST.OBJ]SYSTST.OLB;1        22-AUG-1978 04:10  VAX-11 MACRO X0.3-11
SUCCOMMON       1.0                  1674 DBA4:[SYSTST.OBJ]SYSTST.OLB;1        22-AUG-1978 03:58  VAX-11 MACRO X0.3-11
SYS             .STB;1                  0 DBA4:[SYSOBJ]SYS.STB;1               22-AUG-1978 06:30  LINK-32 X01.20
SYSVECTOR       02                      0 DBA4:[SYSLIB]STARLET.OLB;1           21-AUG-1978 20:14  VAX-11 MACRO X0.3-11
VMSRTL          .EXE;1                  0 DBA4:[SYSLIB]VMSRTL.EXE;1            22-AUG-1978 06:29  LINK-32 X01.20
DBA4:[SYSTST.OBJ]SATSSS52.EXE;1                                 22-AUG-1978 07:09        LINKER X01.20                    PAGE    2
                                             +------------------------+
                                             ! IMAGE SECTION SYNOPSIS !
                                             +------------------------+

   CLUSTER      TYPE PAGES   BASE ADDR DISK VBN PFC PROTECTION AND PAGING      GBL. SEC. NAME     MATCH     MAJORID   MINORID
   -------      ---- -----   --------- -------- --- ---------------------      --------------     -----     -------   -------

DEFAULT_CLUSTER    0     1    00000200        2   0 READ ONLY    
                   0     2    00000400        3   0 READ WRITE   COPY ON REF
                   0     7    00000800        5   0 READ WRITE   COPY ON REF
                 253    20    7FFFD800        0   0 READ WRITE DEMAND ZERO  

VMSRTL             3     4    00001600        0   1 READ ONLY                  VMSRTL_001       LESS/EQUAL        1      1000
                   3    49    00001E00        0   0 READ ONLY                  VMSRTL_002       LESS/EQUAL        1      1000
                   4     2    00008000        0   0 READ WRITE   COPY ON REF   VMSRTL_003       LESS/EQUAL        1      1000
DBA4:[SYSTST.OBJ]SATSSS52.EXE;1                                 22-AUG-1978 07:09        LINKER X01.20                    PAGE    3
                                            +--------------------------+
                                            ! PROGRAM SECTION SYNOPSIS !
                                            +--------------------------+

P-SECT NAME     MODULE(S)         BASE     END           LENGTH         ALIGN                 ATTRIBUTES
-----------     ---------         ----     ---           ------         -----                 ----------

RODATA                          00000200 000002BB 000000BC (     188.) LONG 2 NOPIC,USR,CON,REL,LCL,NOSHR,NOEXE,  RD,NOWRT
                SATSSS52        00000200 000002BB 000000BC (     188.) LONG 2                                                     

ROD_COMM                        000002BC 00000395 000000DA (     218.) LONG 2 NOPIC,USR,CON,REL,LCL,NOSHR,NOEXE,  RD,NOWRT
                SUCCOMMON       000002BC 00000395 000000DA (     218.) LONG 2                                                     

RWDATA                          00000400 000005F0 000001F1 (     497.) LONG 2 NOPIC,USR,CON,REL,LCL,NOSHR,NOEXE,  RD,  WRT
                SATSSS52        00000400 000005F0 000001F1 (     497.) LONG 2                                                     

RWD_COMM                        000005F4 00000703 00000110 (     272.) LONG 2 NOPIC,USR,CON,REL,LCL,NOSHR,NOEXE,  RD,  WRT
                SUCCOMMON       000005F4 00000703 00000110 (     272.) LONG 2                                                     

. BLANK .                       00000800 00000800 00000000 (       0.) BYTE 0 NOPIC,USR,CON,REL,LCL,NOSHR,  EXE,  RD,  WRT
                SATSSS52        00000800 00000800 00000000 (       0.) BYTE 0                                                     
                SUCCOMMON       00000800 00000800 00000000 (       0.) BYTE 0                                                     
                SYSVECTOR       00000800 00000800 00000000 (       0.) BYTE 0                                                     

SATSSS52                        00000800 0000113E 0000093F (    2367.) BYTE 0 NOPIC,USR,CON,REL,LCL,NOSHR,  EXE,  RD,  WRT
                SATSSS52        00000800 0000113E 0000093F (    2367.) BYTE 0                                                     

SUCCOMMON                       0000113F 000015DE 000004A0 (    1184.) BYTE 0 NOPIC,USR,CON,REL,LCL,NOSHR,  EXE,  RD,  WRT
                SUCCOMMON       0000113F 000015DE 000004A0 (    1184.) BYTE 0                                                     
DBA4:[SYSTST.OBJ]SATSSS52.EXE;1                                 22-AUG-1978 07:09        LINKER X01.20                    PAGE    4
                                             +------------------------+
                                             ! SYMBOL CROSS REFERENCE !
                                             +------------------------+

SYMBOL          VALUE           DEFINED BY            REFERENCED BY ...
------          -----           ----------            -----------------
BYTE            00000001         SATSSS52        
CFLAG           00000701-R       SUCCOMMON             SATSSS52        
CHMRTN          000015D4-R       SUCCOMMON             SATSSS52        
CHM_CONT        00000632-R       SUCCOMMON             SATSSS52        
CMPC_SAV        0000000C         SUCCOMMON       
COMP_SC         000014AA-R       SUCCOMMON             SATSSS52        
COND1           00000972-R       SATSSS52              SUCCOMMON       
COND1_CLEANUP   00000973-R       SATSSS52              SUCCOMMON       
COND1_H         0000051D-R       SATSSS52              SUCCOMMON       
COND2           00000974-R       SATSSS52              SUCCOMMON       
COND2_CLEANUP   00000975-R       SATSSS52              SUCCOMMON       
COND2_H         0000056E-R       SATSSS52              SUCCOMMON       
COND3           00000976-R       SATSSS52              SUCCOMMON       
COND3_CLEANUP   00000977-R       SATSSS52              SUCCOMMON       
COND3_H         000005EE-R       SATSSS52              SUCCOMMON       
COND4           00000978-R       SATSSS52              SUCCOMMON       
COND4_CLEANUP   00000979-R       SATSSS52              SUCCOMMON       
COND4_H         000005EF-R       SATSSS52              SUCCOMMON       
COND5           0000097A-R       SATSSS52              SUCCOMMON       
COND5_CLEANUP   0000097B-R       SATSSS52              SUCCOMMON       
COND5_H         000005F0-R       SATSSS52              SUCCOMMON       
CONFLICT        00000703-R       SUCCOMMON       
CTL$GL_PHD      7FFEFE88         SYS                   SATSSS52        
DESC            00000010         SATSSS52              SUCCOMMON       
EFLAG           00000702-R       SUCCOMMON             SATSSS52        
EXPV            000006ED-R       SUCCOMMON             SATSSS52        
FAO_DESC        00000646-R       SUCCOMMON             SATSSS52        
FAO_LEN         00000642-R       SUCCOMMON             SATSSS52        
FOR$$CB_GET     00001C20-RU      VMSRTL          
FOR$$CB_POP     00001C10-RU      VMSRTL          
FOR$$CB_PUSH    00001C08-RU      VMSRTL          
FOR$$CB_RET     00001C18-RU      VMSRTL          
FOR$$ERRSNS_SAV 00001C28-RU      VMSRTL          
FOR$BACKSPACE   00001780-RU      VMSRTL          
FOR$CLOSE       00001600-RU      VMSRTL          
FOR$CNV_IN_DEFG 00001800-RU      VMSRTL          
FOR$CNV_IN_I    00001810-RU      VMSRTL          
FOR$CNV_IN_L    00001818-RU      VMSRTL          
FOR$CNV_IN_O    00001820-RU      VMSRTL          
FOR$CNV_IN_Z    00001828-RU      VMSRTL          
FOR$CNV_OUT_D   000017A8-RU      VMSRTL          
FOR$CNV_OUT_E   000017B0-RU      VMSRTL          
FOR$CNV_OUT_F   000017B8-RU      VMSRTL          
FOR$CNV_OUT_G   000017C0-RU      VMSRTL          
FOR$CNV_OUT_I   00001788-RU      VMSRTL          
FOR$CNV_OUT_L   00001790-RU      VMSRTL          
FOR$CNV_OUT_O   00001798-RU      VMSRTL          
FOR$CNV_OUT_Z   000017A0-RU      VMSRTL          
FOR$DECODE_MF   00001608-RU      VMSRTL          
FOR$DECODE_MO   00001610-RU      VMSRTL          
FOR$DEF_FILE    000017C8-RU      VMSRTL          
FOR$DEF_FILE_W  000017D0-RU      VMSRTL          
DBA4:[SYSTST.OBJ]SATSSS52.EXE;1                                 22-AUG-1978 07:09        LINKER X01.20                    PAGE    5

SYMBOL          VALUE           DEFINED BY            REFERENCED BY ...
------          -----           ----------            -----------------
FOR$ENCODE_MF   00001618-RU      VMSRTL          
FOR$ENCODE_MO   00001620-RU      VMSRTL          
FOR$ENDFILE     000017D8-RU      VMSRTL          
FOR$ERRSNS      000017E0-RU      VMSRTL          
FOR$ERRSNS_W    000017E8-RU      VMSRTL          
FOR$EXIT        000017F0-RU      VMSRTL          
FOR$EXIT_W      000017F8-RU      VMSRTL          
FOR$FIND        00001808-RU      VMSRTL          
FOR$INI_DES1_R2 00001830-RU      VMSRTL          
FOR$INI_DES2_R3 00001838-RU      VMSRTL          
FOR$INI_DESC_R6 00001840-RU      VMSRTL          
FOR$IO_B_R      000016E0-RU      VMSRTL          
FOR$IO_B_V      000016E8-RU      VMSRTL          
FOR$IO_D_R      000016C0-RU      VMSRTL          
FOR$IO_D_V      000016C8-RU      VMSRTL          
FOR$IO_END      000016A8-RU      VMSRTL          
FOR$IO_FC_R     00001740-RU      VMSRTL          
FOR$IO_FC_V     00001748-RU      VMSRTL          
FOR$IO_F_R      000016B0-RU      VMSRTL          
FOR$IO_F_V      000016B8-RU      VMSRTL          
FOR$IO_LU_R     00001750-RU      VMSRTL          
FOR$IO_LU_V     00001758-RU      VMSRTL          
FOR$IO_L_R      000016D0-RU      VMSRTL          
FOR$IO_L_V      000016D8-RU      VMSRTL          
FOR$IO_T_DS     000016F0-RU      VMSRTL          
FOR$IO_T_V_DS   00001738-RU      VMSRTL          
FOR$IO_WU_R     00001760-RU      VMSRTL          
FOR$IO_WU_V     00001768-RU      VMSRTL          
FOR$IO_W_R      000016F8-RU      VMSRTL          
FOR$IO_W_V      00001700-RU      VMSRTL          
FOR$IO_X_DA     00001770-RU      VMSRTL          
FOR$OPEN        00001778-RU      VMSRTL          
FOR$PAUSE       00001848-RU      VMSRTL          
FOR$READ_DF     00001638-RU      VMSRTL          
FOR$READ_DO     00001640-RU      VMSRTL          
FOR$READ_DU     00001648-RU      VMSRTL          
FOR$READ_SF     00001650-RU      VMSRTL          
FOR$READ_SL     00001658-RU      VMSRTL          
FOR$READ_SO     00001660-RU      VMSRTL          
FOR$READ_SU     00001668-RU      VMSRTL          
FOR$REWIND      00001850-RU      VMSRTL          
FOR$SECNDS      00001858-RU      VMSRTL          
FOR$STOP        00001860-RU      VMSRTL          
FOR$WRITE_DF    00001670-RU      VMSRTL          
FOR$WRITE_DO    00001678-RU      VMSRTL          
FOR$WRITE_DU    00001680-RU      VMSRTL          
FOR$WRITE_SF    00001688-RU      VMSRTL          
FOR$WRITE_SL    00001690-RU      VMSRTL          
FOR$WRITE_SO    00001698-RU      VMSRTL          
FOR$WRITE_SU    000016A0-RU      VMSRTL          
FORM_CONDS      0000097C-R       SATSSS52              SUCCOMMON       
IO$_READVBLK    00000031         SYS                   SATSSS52        
LIB$AST_IN_PROG 00001AB0-RU      VMSRTL          
LIB$CRC         00001AB8-RU      VMSRTL          
LIB$CRC_TABLE   00001AC0-RU      VMSRTL          
DBA4:[SYSTST.OBJ]SATSSS52.EXE;1                                 22-AUG-1978 07:09        LINKER X01.20                    PAGE    6

SYMBOL          VALUE           DEFINED BY            REFERENCED BY ...
------          -----           ----------            -----------------
LIB$DEC_OVER    00001AC8-RU      VMSRTL          
LIB$ESTABLISH   00001AD0-RU      VMSRTL          
LIB$EXTV        00001AD8-RU      VMSRTL          
LIB$EXTZV       00001AE0-RU      VMSRTL          
LIB$FFC         00001AE8-RU      VMSRTL          
LIB$FFS         00001AF0-RU      VMSRTL          
LIB$FIXUP_FLT   00001AF8-RU      VMSRTL          
LIB$FLT_UNDER   00001B00-RU      VMSRTL          
LIB$FREE_VM     00001BF0-RU      VMSRTL          
LIB$GET_COMMAND 00001B10-RU      VMSRTL          
LIB$GET_INPUT   00001B08-RU      VMSRTL          
LIB$GET_VM      00001BF8-RU      VMSRTL          
LIB$INDEX       00001B18-RU      VMSRTL          
LIB$INSV        00001B20-RU      VMSRTL          
LIB$INT_OVER    00001B28-RU      VMSRTL          
LIB$LOCC        00001B30-RU      VMSRTL          
LIB$MATCHC      00001B38-RU      VMSRTL          
LIB$MATCH_COND  00001B40-RU      VMSRTL          
LIB$MOVTC       00001B48-RU      VMSRTL          
LIB$MOVTUC      00001B50-RU      VMSRTL          
LIB$PUT_OUTPUT  00001B58-RU      VMSRTL          
LIB$REVERT      00001B60-RU      VMSRTL          
LIB$SCANC       00001B68-RU      VMSRTL          
LIB$SCOPY_DXDX  00001B70-RU      VMSRTL          
LIB$SCOPY_DXDX6 00001B78-RU      VMSRTL          
LIB$SCOPY_R_DX  00001B80-RU      VMSRTL          
LIB$SCOPY_R_DX6 00001B88-RU      VMSRTL          
LIB$SFREE1_DD   00001BA0-RU      VMSRTL          
LIB$SFREE1_DD6  00001BA8-RU      VMSRTL          
LIB$SFREEN_DD   00001BB0-RU      VMSRTL          
LIB$SFREEN_DD6  00001BB8-RU      VMSRTL          
LIB$SGET1_DD    00001B90-RU      VMSRTL          
LIB$SGET1_DD_R6 00001B98-RU      VMSRTL          
LIB$SIGNAL      00001BC8-RU      VMSRTL                SUCCOMMON       
LIB$SIG_TO_RET  00001BD8-RU      VMSRTL          
LIB$SKPC        00001BE0-RU      VMSRTL          
LIB$SPANC       00001BE8-RU      VMSRTL          
LIB$STOP        00001BD0-RU      VMSRTL          
LONG            00000004         SATSSS52              SUCCOMMON       
MOD_MSG_CODE    00000636-R       SUCCOMMON             SATSSS52        
MOD_MSG_PRINT   000015B8-R       SUCCOMMON             SATSSS52        
MSG3_ERR_CTL    00000239-R       SATSSS52              SUCCOMMON       
MSG_A           000006D5-R       SUCCOMMON             SATSSS52        
MSG_B           000006D9-R       SUCCOMMON             SATSSS52        
MSG_CTXT        000006D0-R       SUCCOMMON             SATSSS52        
MSG_DATA1       000006D1-R       SUCCOMMON       
MTH$ACOS        00001868-RU      VMSRTL          
MTH$ACOS_R5     00001870-RU      VMSRTL          
MTH$ALOG        00001878-RU      VMSRTL          
MTH$ALOG10      00001880-RU      VMSRTL          
MTH$ALOG10_R5   00001888-RU      VMSRTL          
MTH$ALOG_R5     00001890-RU      VMSRTL          
MTH$ASIN        00001898-RU      VMSRTL          
MTH$ASIN_R5     000018A0-RU      VMSRTL          
MTH$ATAN        000018A8-RU      VMSRTL          
DBA4:[SYSTST.OBJ]SATSSS52.EXE;1                                 22-AUG-1978 07:09        LINKER X01.20                    PAGE    7

SYMBOL          VALUE           DEFINED BY            REFERENCED BY ...
------          -----           ----------            -----------------
MTH$ATAN2       000018B0-RU      VMSRTL          
MTH$ATAN_R4     000018B8-RU      VMSRTL          
MTH$CABS        00001A38-RU      VMSRTL          
MTH$CCOS        00001A58-RU      VMSRTL          
MTH$CEXP        00001A40-RU      VMSRTL          
MTH$CLOG        00001A48-RU      VMSRTL          
MTH$COS         00001968-RU      VMSRTL          
MTH$COSH        00001A50-RU      VMSRTL          
MTH$COS_R4      00001970-RU      VMSRTL          
MTH$CSIN        00001A60-RU      VMSRTL          
MTH$CSQRT       00001A68-RU      VMSRTL          
MTH$DACOS       000018C0-RU      VMSRTL          
MTH$DACOS_R9    000018C8-RU      VMSRTL          
MTH$DASIN       000018D0-RU      VMSRTL          
MTH$DASIN_R9    000018D8-RU      VMSRTL          
MTH$DATAN       000018E0-RU      VMSRTL          
MTH$DATAN2      000018E8-RU      VMSRTL          
MTH$DATAN_R7    000018F0-RU      VMSRTL          
MTH$DCOS        00001928-RU      VMSRTL          
MTH$DCOSH       00001A70-RU      VMSRTL          
MTH$DCOS_R7     00001930-RU      VMSRTL          
MTH$DEXP        000018F8-RU      VMSRTL          
MTH$DEXP_R7     00001900-RU      VMSRTL          
MTH$DLOG        00001908-RU      VMSRTL          
MTH$DLOG10      00001910-RU      VMSRTL          
MTH$DLOG10_R8   00001918-RU      VMSRTL          
MTH$DLOG_R8     00001920-RU      VMSRTL          
MTH$DSIN        00001938-RU      VMSRTL          
MTH$DSINH       00001A78-RU      VMSRTL          
MTH$DSIN_R7     00001940-RU      VMSRTL          
MTH$DSQRT       00001948-RU      VMSRTL          
MTH$DSQRT_R5    00001950-RU      VMSRTL          
MTH$DTAN        00001A80-RU      VMSRTL          
MTH$DTANH       00001A88-RU      VMSRTL          
MTH$EXP         00001958-RU      VMSRTL          
MTH$EXP_R4      00001960-RU      VMSRTL          
MTH$RANDOM      00001A90-RU      VMSRTL          
MTH$SIN         00001978-RU      VMSRTL          
MTH$SINH        00001A98-RU      VMSRTL          
MTH$SIN_R4      00001980-RU      VMSRTL          
MTH$SQRT        00001988-RU      VMSRTL          
MTH$SQRT_R2     00001990-RU      VMSRTL          
MTH$TAN         00001AA0-RU      VMSRTL          
MTH$TANH        00001AA8-RU      VMSRTL          
NOTARG          00000000         SATSSS52              SUCCOMMON       
NULL            00000014         SATSSS52        
ONES            000002BC-R       SUCCOMMON             SATSSS52        
OTS$DIVC        00001998-RU      VMSRTL          
OTS$POWCJ       000019A0-RU      VMSRTL          
OTS$POWDD       000019A8-RU      VMSRTL          
OTS$POWDJ       000019C0-RU      VMSRTL          
OTS$POWDR       000019B0-RU      VMSRTL          
OTS$POWII       000019C8-RU      VMSRTL          
OTS$POWJJ       000019D0-RU      VMSRTL          
OTS$POWRD       000019B8-RU      VMSRTL          
DBA4:[SYSTST.OBJ]SATSSS52.EXE;1                                 22-AUG-1978 07:09        LINKER X01.20                    PAGE    8

SYMBOL          VALUE           DEFINED BY            REFERENCED BY ...
------          -----           ----------            -----------------
OTS$POWRJ       000019D8-RU      VMSRTL          
OTS$POWRR       000019E0-RU      VMSRTL          
OTS$SCOPY_DXDX  000019E8-RU      VMSRTL          
OTS$SCOPY_DXDX6 000019F0-RU      VMSRTL          
OTS$SCOPY_R_DX  000019F8-RU      VMSRTL          
OTS$SCOPY_R_DX6 00001A00-RU      VMSRTL          
OTS$SFREE1_DD   00001A18-RU      VMSRTL          
OTS$SFREE1_DD6  00001A20-RU      VMSRTL          
OTS$SFREEN_DD   00001A28-RU      VMSRTL          
OTS$SFREEN_DD6  00001A30-RU      VMSRTL          
OTS$SGET1_DD    00001A08-RU      VMSRTL          
OTS$SGET1_DD_R6 00001A10-RU      VMSRTL          
OUTPUT_MSG      0000153C-R       SUCCOMMON             SATSSS52        
PCV             000006FD-R       SUCCOMMON             SATSSS52        
PROCESS_ERR     0000150C-R       SUCCOMMON             SATSSS52        
QUAD            00000008         SATSSS52              SUCCOMMON       
R0_THRU_SP      00007FFF         SUCCOMMON       
RECV            000006F5-R       SUCCOMMON             SATSSS52        
REST_REGS       0000157D-R       SUCCOMMON             SATSSS52        
SAVE_REGS       00001566-R       SUCCOMMON             SATSSS52        
SS$_NORMAL      00000001         SYS                   SATSSS52        
SS$_WASCLR      00000001         SYSVECTOR             SATSSS52        
SUCCESS         00000001         SUCCOMMON             SATSSS52        
SYS$ASCEFC      80000040         SYSVECTOR             SATSSS52        
SYS$CLREF       80000098         SYS                   SATSSS52        
SYS$CMKRNL      80000090         SYS                   SATSSS52        
SYS$CREMBX      800000B8         SYS                   SATSSS52        
SYS$CREPRC      800000C0         SYS                   SATSSS52        
SYS$DACEFC      800000D0         SYSVECTOR             SATSSS52        
SYS$DELMBX      80000100         SYSVECTOR             SATSSS52        
SYS$DLCEFC      80000128         SYSVECTOR             SATSSS52        
SYS$EXIT        80000140         SYS                   SUCCOMMON       
SYS$FAO         80000150         SYS                   SATSSS52              SUCCOMMON       
SYS$GETCHN      800002C8         SYS                   SATSSS52        
SYS$HIBER       80000188         SYS                   SATSSS52        
SYS$QIOW        80000000         SYS                   SATSSS52        
SYS$READEF      800001D0         SYSVECTOR             SATSSS52        
SYS$SETEF       80000200         SYS                   SATSSS52        
SYS$SETPRN      80000210         SYSVECTOR             SATSSS52        
SYS$WAKE        80000280         SYSVECTOR             SATSSS52        
TESTNUM         00000630-R       SUCCOMMON             SATSSS52        
TEST_MOD_NAME   00000200-R       SATSSS52              SUCCOMMON       
TEST_MOD_SUCC   000002CA-R       SUCCOMMON             SATSSS52        
TMD_ADDR        0000063E-R       SUCCOMMON             SATSSS52        
TM_CLEANUP      00000960-R       SATSSS52              SUCCOMMON       
TM_SETUP        00000800-R       SATSSS52              SUCCOMMON       
VERIFY          00000A66-R       SATSSS52              SUCCOMMON       
VFY_CLEANUP     00000F69-R       SATSSS52              SUCCOMMON       
WORD            00000002         SATSSS52        
WRITE_MSG2      00001248-R       SUCCOMMON             SATSSS52        
DBA4:[SYSTST.OBJ]SATSSS52.EXE;1                                 22-AUG-1978 07:09        LINKER X01.20                    PAGE    9
                                                +------------------+
                                                ! SYMBOLS BY VALUE !
                                                +------------------+

VALUE                                   SYMBOLS...
-----                                   ----------
00000000       NOTARG         
00000001       BYTE               SS$_NORMAL         SS$_WASCLR         SUCCESS        
00000002       WORD           
00000004       LONG           
00000008       QUAD           
0000000C       CMPC_SAV       
00000010       DESC           
00000014       NULL           
00000031       IO$_READVBLK   
00000200     R-TEST_MOD_NAME  
00000239     R-MSG3_ERR_CTL   
000002BC     R-ONES           
000002CA     R-TEST_MOD_SUCC  
0000051D     R-COND1_H        
0000056E     R-COND2_H        
000005EE     R-COND3_H        
000005EF     R-COND4_H        
000005F0     R-COND5_H        
00000630     R-TESTNUM        
00000632     R-CHM_CONT       
00000636     R-MOD_MSG_CODE   
0000063E     R-TMD_ADDR       
00000642     R-FAO_LEN        
00000646     R-FAO_DESC       
000006D0     R-MSG_CTXT       
000006D1     R-MSG_DATA1      
000006D5     R-MSG_A          
000006D9     R-MSG_B          
000006ED     R-EXPV           
000006F5     R-RECV           
000006FD     R-PCV            
00000701     R-CFLAG          
00000702     R-EFLAG          
00000703     R-CONFLICT       
00000800     R-TM_SETUP       
00000960     R-TM_CLEANUP     
00000972     R-COND1          
00000973     R-COND1_CLEANUP  
00000974     R-COND2          
00000975     R-COND2_CLEANUP  
00000976     R-COND3          
00000977     R-COND3_CLEANUP  
00000978     R-COND4          
00000979     R-COND4_CLEANUP  
0000097A     R-COND5          
0000097B     R-COND5_CLEANUP  
0000097C     R-FORM_CONDS     
00000A66     R-VERIFY         
00000F69     R-VFY_CLEANUP    
00001248     R-WRITE_MSG2     
000014AA     R-COMP_SC        
0000150C     R-PROCESS_ERR    
DBA4:[SYSTST.OBJ]SATSSS52.EXE;1                                 22-AUG-1978 07:09        LINKER X01.20                    PAGE   10

VALUE                                   SYMBOLS...
-----                                   ----------
0000153C     R-OUTPUT_MSG     
00001566     R-SAVE_REGS      
0000157D     R-REST_REGS      
000015B8     R-MOD_MSG_PRINT  
000015D4     R-CHMRTN         
00001600    RU-FOR$CLOSE      
00001608    RU-FOR$DECODE_MF  
00001610    RU-FOR$DECODE_MO  
00001618    RU-FOR$ENCODE_MF  
00001620    RU-FOR$ENCODE_MO  
00001638    RU-FOR$READ_DF    
00001640    RU-FOR$READ_DO    
00001648    RU-FOR$READ_DU    
00001650    RU-FOR$READ_SF    
00001658    RU-FOR$READ_SL    
00001660    RU-FOR$READ_SO    
00001668    RU-FOR$READ_SU    
00001670    RU-FOR$WRITE_DF   
00001678    RU-FOR$WRITE_DO   
00001680    RU-FOR$WRITE_DU   
00001688    RU-FOR$WRITE_SF   
00001690    RU-FOR$WRITE_SL   
00001698    RU-FOR$WRITE_SO   
000016A0    RU-FOR$WRITE_SU   
000016A8    RU-FOR$IO_END     
000016B0    RU-FOR$IO_F_R     
000016B8    RU-FOR$IO_F_V     
000016C0    RU-FOR$IO_D_R     
000016C8    RU-FOR$IO_D_V     
000016D0    RU-FOR$IO_L_R     
000016D8    RU-FOR$IO_L_V     
000016E0    RU-FOR$IO_B_R     
000016E8    RU-FOR$IO_B_V     
000016F0    RU-FOR$IO_T_DS    
000016F8    RU-FOR$IO_W_R     
00001700    RU-FOR$IO_W_V     
00001738    RU-FOR$IO_T_V_DS  
00001740    RU-FOR$IO_FC_R    
00001748    RU-FOR$IO_FC_V    
00001750    RU-FOR$IO_LU_R    
00001758    RU-FOR$IO_LU_V    
00001760    RU-FOR$IO_WU_R    
00001768    RU-FOR$IO_WU_V    
00001770    RU-FOR$IO_X_DA    
00001778    RU-FOR$OPEN       
00001780    RU-FOR$BACKSPACE  
00001788    RU-FOR$CNV_OUT_I  
00001790    RU-FOR$CNV_OUT_L  
00001798    RU-FOR$CNV_OUT_O  
000017A0    RU-FOR$CNV_OUT_Z  
000017A8    RU-FOR$CNV_OUT_D  
000017B0    RU-FOR$CNV_OUT_E  
000017B8    RU-FOR$CNV_OUT_F  
000017C0    RU-FOR$CNV_OUT_G  
000017C8    RU-FOR$DEF_FILE   
DBA4:[SYSTST.OBJ]SATSSS52.EXE;1                                 22-AUG-1978 07:09        LINKER X01.20                    PAGE   11

VALUE                                   SYMBOLS...
-----                                   ----------
000017D0    RU-FOR$DEF_FILE_W 
000017D8    RU-FOR$ENDFILE    
000017E0    RU-FOR$ERRSNS     
000017E8    RU-FOR$ERRSNS_W   
000017F0    RU-FOR$EXIT       
000017F8    RU-FOR$EXIT_W     
00001800    RU-FOR$CNV_IN_DEFG
00001808    RU-FOR$FIND       
00001810    RU-FOR$CNV_IN_I   
00001818    RU-FOR$CNV_IN_L   
00001820    RU-FOR$CNV_IN_O   
00001828    RU-FOR$CNV_IN_Z   
00001830    RU-FOR$INI_DES1_R2
00001838    RU-FOR$INI_DES2_R3
00001840    RU-FOR$INI_DESC_R6
00001848    RU-FOR$PAUSE      
00001850    RU-FOR$REWIND     
00001858    RU-FOR$SECNDS     
00001860    RU-FOR$STOP       
00001868    RU-MTH$ACOS       
00001870    RU-MTH$ACOS_R5    
00001878    RU-MTH$ALOG       
00001880    RU-MTH$ALOG10     
00001888    RU-MTH$ALOG10_R5  
00001890    RU-MTH$ALOG_R5    
00001898    RU-MTH$ASIN       
000018A0    RU-MTH$ASIN_R5    
000018A8    RU-MTH$ATAN       
000018B0    RU-MTH$ATAN2      
000018B8    RU-MTH$ATAN_R4    
000018C0    RU-MTH$DACOS      
000018C8    RU-MTH$DACOS_R9   
000018D0    RU-MTH$DASIN      
000018D8    RU-MTH$DASIN_R9   
000018E0    RU-MTH$DATAN      
000018E8    RU-MTH$DATAN2     
000018F0    RU-MTH$DATAN_R7   
000018F8    RU-MTH$DEXP       
00001900    RU-MTH$DEXP_R7    
00001908    RU-MTH$DLOG       
00001910    RU-MTH$DLOG10     
00001918    RU-MTH$DLOG10_R8  
00001920    RU-MTH$DLOG_R8    
00001928    RU-MTH$DCOS       
00001930    RU-MTH$DCOS_R7    
00001938    RU-MTH$DSIN       
00001940    RU-MTH$DSIN_R7    
00001948    RU-MTH$DSQRT      
00001950    RU-MTH$DSQRT_R5   
00001958    RU-MTH$EXP        
00001960    RU-MTH$EXP_R4     
00001968    RU-MTH$COS        
00001970    RU-MTH$COS_R4     
00001978    RU-MTH$SIN        
00001980    RU-MTH$SIN_R4     
DBA4:[SYSTST.OBJ]SATSSS52.EXE;1                                 22-AUG-1978 07:09        LINKER X01.20                    PAGE   12

VALUE                                   SYMBOLS...
-----                                   ----------
00001988    RU-MTH$SQRT       
00001990    RU-MTH$SQRT_R2    
00001998    RU-OTS$DIVC       
000019A0    RU-OTS$POWCJ      
000019A8    RU-OTS$POWDD      
000019B0    RU-OTS$POWDR      
000019B8    RU-OTS$POWRD      
000019C0    RU-OTS$POWDJ      
000019C8    RU-OTS$POWII      
000019D0    RU-OTS$POWJJ      
000019D8    RU-OTS$POWRJ      
000019E0    RU-OTS$POWRR      
000019E8    RU-OTS$SCOPY_DXDX 
000019F0    RU-OTS$SCOPY_DXDX6
000019F8    RU-OTS$SCOPY_R_DX 
00001A00    RU-OTS$SCOPY_R_DX6
00001A08    RU-OTS$SGET1_DD   
00001A10    RU-OTS$SGET1_DD_R6
00001A18    RU-OTS$SFREE1_DD  
00001A20    RU-OTS$SFREE1_DD6 
00001A28    RU-OTS$SFREEN_DD  
00001A30    RU-OTS$SFREEN_DD6 
00001A38    RU-MTH$CABS       
00001A40    RU-MTH$CEXP       
00001A48    RU-MTH$CLOG       
00001A50    RU-MTH$COSH       
00001A58    RU-MTH$CCOS       
00001A60    RU-MTH$CSIN       
00001A68    RU-MTH$CSQRT      
00001A70    RU-MTH$DCOSH      
00001A78    RU-MTH$DSINH      
00001A80    RU-MTH$DTAN       
00001A88    RU-MTH$DTANH      
00001A90    RU-MTH$RANDOM     
00001A98    RU-MTH$SINH       
00001AA0    RU-MTH$TAN        
00001AA8    RU-MTH$TANH       
00001AB0    RU-LIB$AST_IN_PROG
00001AB8    RU-LIB$CRC        
00001AC0    RU-LIB$CRC_TABLE  
00001AC8    RU-LIB$DEC_OVER   
00001AD0    RU-LIB$ESTABLISH  
00001AD8    RU-LIB$EXTV       
00001AE0    RU-LIB$EXTZV      
00001AE8    RU-LIB$FFC        
00001AF0    RU-LIB$FFS        
00001AF8    RU-LIB$FIXUP_FLT  
00001B00    RU-LIB$FLT_UNDER  
00001B08    RU-LIB$GET_INPUT  
00001B10    RU-LIB$GET_COMMAND
00001B18    RU-LIB$INDEX      
00001B20    RU-LIB$INSV       
00001B28    RU-LIB$INT_OVER   
00001B30    RU-LIB$LOCC       
00001B38    RU-LIB$MATCHC     
DBA4:[SYSTST.OBJ]SATSSS52.EXE;1                                 22-AUG-1978 07:09        LINKER X01.20                    PAGE   13

VALUE                                   SYMBOLS...
-----                                   ----------
00001B40    RU-LIB$MATCH_COND 
00001B48    RU-LIB$MOVTC      
00001B50    RU-LIB$MOVTUC     
00001B58    RU-LIB$PUT_OUTPUT 
00001B60    RU-LIB$REVERT     
00001B68    RU-LIB$SCANC      
00001B70    RU-LIB$SCOPY_DXDX 
00001B78    RU-LIB$SCOPY_DXDX6
00001B80    RU-LIB$SCOPY_R_DX 
00001B88    RU-LIB$SCOPY_R_DX6
00001B90    RU-LIB$SGET1_DD   
00001B98    RU-LIB$SGET1_DD_R6
00001BA0    RU-LIB$SFREE1_DD  
00001BA8    RU-LIB$SFREE1_DD6 
00001BB0    RU-LIB$SFREEN_DD  
00001BB8    RU-LIB$SFREEN_DD6 
00001BC8    RU-LIB$SIGNAL     
00001BD0    RU-LIB$STOP       
00001BD8    RU-LIB$SIG_TO_RET 
00001BE0    RU-LIB$SKPC       
00001BE8    RU-LIB$SPANC      
00001BF0    RU-LIB$FREE_VM    
00001BF8    RU-LIB$GET_VM     
00001C08    RU-FOR$$CB_PUSH   
00001C10    RU-FOR$$CB_POP    
00001C18    RU-FOR$$CB_RET    
00001C20    RU-FOR$$CB_GET    
00001C28    RU-FOR$$ERRSNS_SAV
00007FFF       R0_THRU_SP     
7FFEFE88       CTL$GL_PHD     
80000000       SYS$QIOW       
80000040       SYS$ASCEFC     
80000090       SYS$CMKRNL     
80000098       SYS$CLREF      
800000B8       SYS$CREMBX     
800000C0       SYS$CREPRC     
800000D0       SYS$DACEFC     
80000100       SYS$DELMBX     
80000128       SYS$DLCEFC     
80000140       SYS$EXIT       
80000150       SYS$FAO        
80000188       SYS$HIBER      
800001D0       SYS$READEF     
80000200       SYS$SETEF      
80000210       SYS$SETPRN     
80000280       SYS$WAKE       
800002C8       SYS$GETCHN     



	KEY FOR SPECIAL CHARACTERS ABOVE:
		+------------------+
		! *  - UNDEFINED   !
		! U  - UNIVERSAL   !
		! R  - RELOCATABLE !
		! WK - WEAK        !
		+------------------+
DBA4:[SYSTST.OBJ]SATSSS52.EXE;1                                 22-AUG-1978 07:09        LINKER X01.20                    PAGE   14
                                                 +----------------+
                                                 ! IMAGE SYNOPSIS !
                                                 +----------------+

VIRTUAL MEMORY ALLOCATED:                00000200 000083FF 00008200 (33280. BYTES, 65. PAGES)
STACK SIZE:                                    20. PAGES
IMAGE HEADER VIRTUAL BLOCK LIMITS:              1.        1. (    1. BLOCK)
IMAGE BINARY VIRTUAL BLOCK LIMITS:              2.       11. (   10. BLOCKS)
IMAGE NAME AND IDENTIFICATION:           SATSSS52 1.0
NUMBER OF FILES:                                4.
NUMBER OF MODULES:                              5.
NUMBER OF PROGRAM SECTIONS:                    12.
NUMBER OF GLOBAL SYMBOLS:                     191.
NUMBER OF CROSS REFERENCES:                   341.
NUMBER OF IMAGE SECTIONS:                       7.
USER TRANSFER ADDRESS:                   0000113F
IMAGE TYPE:                              EXECUTABLE.
MAP FORMAT:                              FULL WITH CROSS REFERENCE IN FILE "DBA4:[SYSTST.LIS]SATSSS52.MAP;1"
ESTIMATED MAP LENGTH:                    71. BLOCKS
                                              +---------------------+
                                              ! LINK RUN STATISTICS !
                                              +---------------------+

PERFORMANCE INDICATORS                            PAGE FAULTS	CPU TIME	ELAPSED TIME
----------- ----------                            ---- ------	--- ----	------- ----
    COMMAND PROCESSING:-                                    8	00:00:00.06	00:00:00.23
    PASS 1:-                                               88	00:00:01.59	00:00:04.54
    ALLOCATION/RELOCATION:-                                42	00:00:00.33	00:00:00.81
    PASS 2:-                                               12	00:00:00.58	00:00:02.63
    MAP DATA AFTER OBJECT MODULE SYNOPSIS:-                13	00:00:01.27	00:00:01.60
    SYMBOL TABLE OUTPUT:-                                   0	00:00:00.01	00:00:00.18
TOTAL RUN VALUES:-                                        163	00:00:03.84	00:00:10.03

USING A WORKING SET LIMITED TO 700 PAGES AND 54 PAGES OF DATA STORAGE (EXCLUDING IMAGE)

TOTAL NUMBER OBJECT RECORDS READ (BOTH PASSES):   285
    OF WHICH 98 WERE IN LIBRARIES AND 4 WERE DEBUG DATA RECORDS CONTAINING 248 BYTES

THERE WERE 12 LIBRARY BLOCK READ OPERATIONS
    WHICH ENCOMPASSED A TOTAL OF 95 BLOCKS
    USING A WINDOW OF 10 BLOCKS

NUMBER OF MODULES EXTRACTED EXPLICITLY             = 2
    WITH 1 EXTRACTED TO RESOLVE UNDEFINED SYMBOLS

0 LIBRARY SEARCHES WERE FOR SYMBOLS NOT IN THE LIBRARY SEARCHED

A TOTAL OF 0 GLOBAL SYMBOL TABLE RECORDS WAS WRITTEN
