EXE$:SYE                                                        22-AUG-1978 06:58        LINKER X01.20                    PAGE    1
                                             +------------------------+
                                             ! OBJECT MODULE SYNOPSIS !
                                             +------------------------+

MODULE NAME     IDENT              BYTES      FILE                                CREATION DATE      CREATOR
-----------     -----              -----      -----                               -------------      -------
ERRPRT          01                  14184 DBA4:[SYE.OBJ]SYE.OLB;1              22-Aug-1978 02:47  VAX-11 FORTRAN IV-PLUS V1.0-2 
SYEOPEN         01                    108 DBA4:[SYE.OBJ]SYE.OLB;1              22-Aug-1978 02:48  VAX-11 FORTRAN IV-PLUS V1.0-2 
TIMCMP          01                    124 DBA4:[SYE.OBJ]SYE.OLB;1              22-Aug-1978 02:48  VAX-11 FORTRAN IV-PLUS V1.0-2 
DEVCHK          01                   2506 DBA4:[SYE.OBJ]SYE.OLB;1              22-Aug-1978 02:48  VAX-11 FORTRAN IV-PLUS V1.0-2 
HEADER          01                   3339 DBA4:[SYE.OBJ]SYE.OLB;1              22-Aug-1978 02:49  VAX-11 FORTRAN IV-PLUS V1.0-2 
DVHEAD          01                   3510 DBA4:[SYE.OBJ]SYE.OLB;1              22-Aug-1978 02:49  VAX-11 FORTRAN IV-PLUS V1.0-2 
LINCHK          01                     76 DBA4:[SYE.OBJ]SYE.OLB;1              22-Aug-1978 02:50  VAX-11 FORTRAN IV-PLUS V1.0-2 
MBAREG          01                   3202 DBA4:[SYE.OBJ]SYE.OLB;1              22-Aug-1978 02:49  VAX-11 FORTRAN IV-PLUS V1.0-2 
UBAREG          01                   1073 DBA4:[SYE.OBJ]SYE.OLB;1              22-Aug-1978 02:49  VAX-11 FORTRAN IV-PLUS V1.0-2 
DEVREG          01                   1079 DBA4:[SYE.OBJ]SYE.OLB;1              22-Aug-1978 02:49  VAX-11 FORTRAN IV-PLUS V1.0-2 
DVTAIL          01                  13605 DBA4:[SYE.OBJ]SYE.OLB;1              22-Aug-1978 02:49  VAX-11 FORTRAN IV-PLUS V1.0-2 
CRYPTK          01                   3628 DBA4:[SYE.OBJ]SYE.OLB;1              22-Aug-1978 02:50  VAX-11 FORTRAN IV-PLUS V1.0-2 
TOF             01                    234 DBA4:[SYE.OBJ]SYE.OLB;1              22-Aug-1978 02:50  VAX-11 FORTRAN IV-PLUS V1.0-2 
BITCNT          01                     89 DBA4:[SYE.OBJ]SYE.OLB;1              22-Aug-1978 02:50  VAX-11 FORTRAN IV-PLUS V1.0-2 
DUMPREG         01                    330 DBA4:[SYE.OBJ]SYE.OLB;1              22-Aug-1978 02:49  VAX-11 FORTRAN IV-PLUS V1.0-2 
RK06            01                  17817 DBA4:[SYE.OBJ]SYE.OLB;1              22-Aug-1978 02:50  VAX-11 FORTRAN IV-PLUS V1.0-2 
RM03            01                   6161 DBA4:[SYE.OBJ]SYE.OLB;1              22-Aug-1978 02:51  VAX-11 FORTRAN IV-PLUS V1.0-2 
RP05            01                   6708 DBA4:[SYE.OBJ]SYE.OLB;1              22-Aug-1978 02:50  VAX-11 FORTRAN IV-PLUS V1.0-2 
TE16            01                   3099 DBA4:[SYE.OBJ]SYE.OLB;1              22-Aug-1978 02:51  VAX-11 FORTRAN IV-PLUS V1.0-2 
TIMRB           01                    725 DBA4:[SYE.OBJ]SYE.OLB;1              22-Aug-1978 02:54  VAX-11 FORTRAN IV-PLUS V1.0-2 
BITS_OUTPUT     01                    349 DBA4:[SYE.OBJ]SYE.OLB;1              22-Aug-1978 02:51  VAX-11 FORTRAN IV-PLUS V1.0-2 
BUGCHECK        01                   1173 DBA4:[SYE.OBJ]SYE.OLB;1              22-Aug-1978 02:51  VAX-11 FORTRAN IV-PLUS V1.0-2 
CRASH_RESTART   01                   3754 DBA4:[SYE.OBJ]SYE.OLB;1              22-Aug-1978 02:51  VAX-11 FORTRAN IV-PLUS V1.0-2 
MACCHK          01                  13383 DBA4:[SYE.OBJ]SYE.OLB;1              22-Aug-1978 02:52  VAX-11 FORTRAN IV-PLUS V1.0-2 
PSL             01                   1753 DBA4:[SYE.OBJ]SYE.OLB;1              22-Aug-1978 02:53  VAX-11 FORTRAN IV-PLUS V1.0-2 
REG_SUM         01                    571 DBA4:[SYE.OBJ]SYE.OLB;1              22-Aug-1978 02:53  VAX-11 FORTRAN IV-PLUS V1.0-2 
SBIER           01                   1516 DBA4:[SYE.OBJ]SYE.OLB;1              22-Aug-1978 02:53  VAX-11 FORTRAN IV-PLUS V1.0-2 
SBI_FAULT       01                   2646 DBA4:[SYE.OBJ]SYE.OLB;1              22-Aug-1978 02:53  VAX-11 FORTRAN IV-PLUS V1.0-2 
SBI_REG         01                   8387 DBA4:[SYE.OBJ]SYE.OLB;1              22-Aug-1978 02:53  VAX-11 FORTRAN IV-PLUS V1.0-2 
ECC_ALERT       01                   8513 DBA4:[SYE.OBJ]SYE.OLB;1              22-Aug-1978 02:51  VAX-11 FORTRAN IV-PLUS V1.0-2 
VBITCNT         01                    180 DBA4:[SYE.OBJ]SYE.OLB;1              22-Aug-1978 02:54  VAX-11 FORTRAN IV-PLUS V1.0-2 
SBITA           01                    670 DBA4:[SYE.OBJ]SYE.OLB;1              22-Aug-1978 02:53  VAX-11 FORTRAN IV-PLUS V1.0-2 
STRING          0                      49 DBA4:[SYE.OBJ]SYE.OLB;1              22-AUG-1978 02:54  VAX-11 MACRO X0.3-11
BUGCHKMSG       03                   6280 DBA4:[SYSOBJ]SYS.OLB;1               21-AUG-1978 21:08  VAX-11 MACRO X0.3-11
DEBUGBOOT       01                      8 DBA4:[SYSLIB]DEBUG.OBJ;1             22-AUG-1978 03:57  VAX-11 MACRO X0.3-11
MTH$MOD         0-3                    39 DBA4:[SYSLIB]STARLET.OLB;1           21-AUG-1978 19:07  VAX-11 MACRO X0.3-11
MTH$BITOPS      0-2                    98 DBA4:[SYSLIB]STARLET.OLB;1           21-AUG-1978 19:02  VAX-11 MACRO X0.3-11
OTS$LINKAGE     0-4                     3 DBA4:[SYSLIB]STARLET.OLB;1           21-AUG-1978 19:09  VAX-11 MACRO X0.3-11
SYSVECTOR       02                      0 DBA4:[SYSLIB]STARLET.OLB;1           21-AUG-1978 20:14  VAX-11 MACRO X0.3-11
VMSRTL          .EXE;1                  0 DBA4:[SYSLIB]VMSRTL.EXE;1            22-AUG-1978 06:29  LINK-32 X01.20
DBA4:[SYE.OBJ]SYE.EXE;1                                         22-AUG-1978 06:58        LINKER X01.20                    PAGE    2
                                             +------------------------+
                                             ! IMAGE SECTION SYNOPSIS !
                                             +------------------------+

   CLUSTER      TYPE PAGES   BASE ADDR DISK VBN PFC PROTECTION AND PAGING      GBL. SEC. NAME     MATCH     MAJORID   MINORID
   -------      ---- -----   --------- -------- --- ---------------------      --------------     -----     -------   -------

DEFAULT_CLUSTER    0    18    00000200        2   0 READ ONLY    
                   0   117    00002600       20   0 READ WRITE   COPY ON REF
                   0    60    00011000      137   0 READ ONLY    
                   0    13    00018800      197   0 READ WRITE   COPY ON REF
                 253    20    7FFFD800        0   0 READ WRITE DEMAND ZERO  

VMSRTL             3     4    0001A200        0   1 READ ONLY                  VMSRTL_001       LESS/EQUAL        1      1000
                   3    49    0001AA00        0   0 READ ONLY                  VMSRTL_002       LESS/EQUAL        1      1000
                   4     2    00020C00        0   0 READ WRITE   COPY ON REF   VMSRTL_003       LESS/EQUAL        1      1000
DBA4:[SYE.OBJ]SYE.EXE;1                                         22-AUG-1978 06:58        LINKER X01.20                    PAGE    3
                                            +--------------------------+
                                            ! PROGRAM SECTION SYNOPSIS !
                                            +--------------------------+

P-SECT NAME     MODULE(S)         BASE     END           LENGTH         ALIGN                 ATTRIBUTES
-----------     ---------         ----     ---           ------         -----                 ----------

$PDATA                          00000200 0000246C 0000226D (    8813.) LONG 2   PIC,USR,CON,REL,LCL,  SHR,NOEXE,  RD,NOWRT
                ERRPRT          00000200 000008E2 000006E3 (    1763.) LONG 2                                                     
                SYEOPEN         000008E4 000008E4 00000000 (       0.) LONG 2                                                     
                TIMCMP          000008E4 000008E4 00000000 (       0.) LONG 2                                                     
                DEVCHK          000008E4 000008EF 0000000C (      12.) LONG 2                                                     
                HEADER          000008F0 0000097D 0000008E (     142.) LONG 2                                                     
                DVHEAD          00000980 00000A55 000000D6 (     214.) LONG 2                                                     
                LINCHK          00000A58 00000A58 00000000 (       0.) LONG 2                                                     
                MBAREG          00000A58 00000B41 000000EA (     234.) LONG 2                                                     
                UBAREG          00000B44 00000C20 000000DD (     221.) LONG 2                                                     
                DEVREG          00000C24 00000C89 00000066 (     102.) LONG 2                                                     
                DVTAIL          00000C8C 00000EE4 00000259 (     601.) LONG 2                                                     
                CRYPTK          00000EE8 00000F1F 00000038 (      56.) LONG 2                                                     
                TOF             00000F20 00000F6E 0000004F (      79.) LONG 2                                                     
                BITCNT          00000F70 00000F73 00000004 (       4.) LONG 2                                                     
                DUMPREG         00000F74 00000FAE 0000003B (      59.) LONG 2                                                     
                RK06            00000FB0 000011A4 000001F5 (     501.) LONG 2                                                     
                RM03            000011A8 000013E1 0000023A (     570.) LONG 2                                                     
                RP05            000013E4 00001651 0000026E (     622.) LONG 2                                                     
                TE16            00001654 00001829 000001D6 (     470.) LONG 2                                                     
                TIMRB           0000182C 000018EA 000000BF (     191.) LONG 2                                                     
                BITS_OUTPUT     000018EC 000018F2 00000007 (       7.) LONG 2                                                     
                BUGCHECK        000018F4 00001939 00000046 (      70.) LONG 2                                                     
                CRASH_RESTART   0000193C 00001B4A 0000020F (     527.) LONG 2                                                     
                MACCHK          00001B4C 00001D8C 00000241 (     577.) LONG 2                                                     
                PSL             00001D90 00001DDB 0000004C (      76.) LONG 2                                                     
                REG_SUM         00001DDC 00001F5A 0000017F (     383.) LONG 2                                                     
                SBIER           00001F5C 00001FA9 0000004E (      78.) LONG 2                                                     
                SBI_FAULT       00001FAC 00002050 000000A5 (     165.) LONG 2                                                     
                SBI_REG         00002054 00002153 00000100 (     256.) LONG 2                                                     
                ECC_ALERT       00002154 00002429 000002D6 (     726.) LONG 2                                                     
                VBITCNT         0000242C 0000242C 00000000 (       0.) LONG 2                                                     
                SBITA           0000242C 0000246C 00000041 (      65.) LONG 2                                                     

$LOCAL                          00002600 0001041F 0000DE20 (   56864.) LONG 2   PIC,USR,CON,REL,LCL,NOSHR,NOEXE,  RD,  WRT
                ERRPRT          00002600 0000365F 00001060 (    4192.) LONG 2                                                     
                SYEOPEN         00003660 0000366B 0000000C (      12.) LONG 2                                                     
                TIMCMP          0000366C 00003697 0000002C (      44.) LONG 2                                                     
                DEVCHK          00003698 000036C3 0000002C (      44.) LONG 2                                                     
                HEADER          000036C4 00003737 00000074 (     116.) LONG 2                                                     
                DVHEAD          00003738 00003783 0000004C (      76.) LONG 2                                                     
                LINCHK          00003784 0000378F 0000000C (      12.) LONG 2                                                     
                MBAREG          00003790 000041A3 00000A14 (    2580.) LONG 2                                                     
                UBAREG          000041A4 00004243 000000A0 (     160.) LONG 2                                                     
                DEVREG          00004244 000042CF 0000008C (     140.) LONG 2                                                     
                DVTAIL          000042D0 00006E9B 00002BCC (   11212.) LONG 2                                                     
                CRYPTK          00006E9C 00006FFF 00000164 (     356.) LONG 2                                                     
                TOF             00007000 0000703F 00000040 (      64.) LONG 2                                                     
                BITCNT          00007040 00007057 00000018 (      24.) LONG 2                                                     
                DUMPREG         00007058 0000708F 00000038 (      56.) LONG 2                                                     
                RK06            00007090 0000A3D7 00003348 (   13128.) LONG 2                                                     
DBA4:[SYE.OBJ]SYE.EXE;1                                         22-AUG-1978 06:58        LINKER X01.20                    PAGE    4

P-SECT NAME     MODULE(S)         BASE     END           LENGTH         ALIGN                 ATTRIBUTES
-----------     ---------         ----     ---           ------         -----                 ----------
                RM03            0000A3D8 0000AC1B 00000844 (    2116.) LONG 2                                                     
                RP05            0000AC1C 0000B593 00000978 (    2424.) LONG 2                                                     
                TE16            0000B594 0000BBBF 0000062C (    1580.) LONG 2                                                     
                TIMRB           0000BBC0 0000BC1B 0000005C (      92.) LONG 2                                                     
                BITS_OUTPUT     0000BC1C 0000BC83 00000068 (     104.) LONG 2                                                     
                BUGCHECK        0000BC84 0000BDEF 0000016C (     364.) LONG 2                                                     
                CRASH_RESTART   0000BDF0 0000C61F 00000830 (    2096.) LONG 2                                                     
                MACCHK          0000C620 0000D9DF 000013C0 (    5056.) LONG 2                                                     
                PSL             0000D9E0 0000DEAB 000004CC (    1228.) LONG 2                                                     
                REG_SUM         0000DEAC 0000DEE3 00000038 (      56.) LONG 2                                                     
                SBIER           0000DEE4 0000E26F 0000038C (     908.) LONG 2                                                     
                SBI_FAULT       0000E270 0000E757 000004E8 (    1256.) LONG 2                                                     
                SBI_REG         0000E758 0000F9FB 000012A4 (    4772.) LONG 2                                                     
                ECC_ALERT       0000F9FC 000102AF 000008B4 (    2228.) LONG 2                                                     
                VBITCNT         000102B0 00010337 00000088 (     136.) LONG 2                                                     
                SBITA           00010338 0001041F 000000E8 (     232.) LONG 2                                                     

EMB                             00010420 00010616 000001F7 (     503.) LONG 2   PIC,USR,OVR,REL,GBL,  SHR,NOEXE,  RD,  WRT
                ERRPRT          00010420 00010616 000001F7 (     503.) LONG 2                                                     
                HEADER          00010420 00010613 000001F4 (     500.) LONG 2                                                     
                DVHEAD          00010420 00010613 000001F4 (     500.) LONG 2                                                     
                DVTAIL          00010420 00010613 000001F4 (     500.) LONG 2                                                     
                CRYPTK          00010420 00010613 000001F4 (     500.) LONG 2                                                     
                RK06            00010420 00010613 000001F4 (     500.) LONG 2                                                     
                BUGCHECK        00010420 00010613 000001F4 (     500.) LONG 2                                                     
                CRASH_RESTART   00010420 00010613 000001F4 (     500.) LONG 2                                                     
                MACCHK          00010420 00010613 000001F4 (     500.) LONG 2                                                     
                SBI_FAULT       00010420 00010613 000001F4 (     500.) LONG 2                                                     
                SBI_REG         00010420 00010613 000001F4 (     500.) LONG 2                                                     
                ECC_ALERT       00010420 00010613 000001F4 (     500.) LONG 2                                                     

JOB_PARAM                       00010618 0001064B 00000034 (      52.) LONG 2   PIC,USR,OVR,REL,GBL,  SHR,NOEXE,  RD,  WRT
                TIMRB           00010618 0001064B 00000034 (      52.) LONG 2                                                     

LUNS                            0001064C 0001065B 00000010 (      16.) LONG 2   PIC,USR,OVR,REL,GBL,  SHR,NOEXE,  RD,  WRT
                TIMRB           0001064C 0001065B 00000010 (      16.) LONG 2                                                     

STAT_VARS                       0001065C 0001066F 00000014 (      20.) LONG 2   PIC,USR,OVR,REL,GBL,  SHR,NOEXE,  RD,  WRT
                TIMRB           0001065C 0001066F 00000014 (      20.) LONG 2                                                     

SYECOM                          00010670 00010F4F 000008E0 (    2272.) LONG 2   PIC,USR,OVR,REL,GBL,  SHR,NOEXE,  RD,  WRT
                ERRPRT          00010670 00010F4F 000008E0 (    2272.) LONG 2                                                     
                DEVCHK          00010670 00010F4F 000008E0 (    2272.) LONG 2                                                     
                HEADER          00010670 00010F4F 000008E0 (    2272.) LONG 2                                                     
                DVHEAD          00010670 00010F4F 000008E0 (    2272.) LONG 2                                                     
                CRYPTK          00010670 00010F4F 000008E0 (    2272.) LONG 2                                                     
                RK06            00010670 00010F4F 000008E0 (    2272.) LONG 2                                                     
                RM03            00010670 00010F4F 000008E0 (    2272.) LONG 2                                                     
                RP05            00010670 00010F4F 000008E0 (    2272.) LONG 2                                                     
                MACCHK          00010670 00010F4F 000008E0 (    2272.) LONG 2                                                     
                ECC_ALERT       00010670 00010F4F 000008E0 (    2272.) LONG 2                                                     

$CODE                           00011000 00018584 00007585 (   30085.) LONG 2   PIC,USR,CON,REL,LCL,  SHR,  EXE,  RD,NOWRT
                ERRPRT          00011000 0001254D 0000154E (    5454.) LONG 2                                                     
                SYEOPEN         00012550 000125AF 00000060 (      96.) LONG 2                                                     
DBA4:[SYE.OBJ]SYE.EXE;1                                         22-AUG-1978 06:58        LINKER X01.20                    PAGE    5

P-SECT NAME     MODULE(S)         BASE     END           LENGTH         ALIGN                 ATTRIBUTES
-----------     ---------         ----     ---           ------         -----                 ----------
                TIMCMP          000125B0 000125FF 00000050 (      80.) LONG 2                                                     
                DEVCHK          00012600 000126B1 000000B2 (     178.) LONG 2                                                     
                HEADER          000126B4 000127E8 00000135 (     309.) LONG 2                                                     
                DVHEAD          000127EC 000129AB 000001C0 (     448.) LONG 2                                                     
                LINCHK          000129AC 000129EB 00000040 (      64.) LONG 2                                                     
                MBAREG          000129EC 00012B6F 00000184 (     388.) LONG 2                                                     
                UBAREG          00012B70 00012E23 000002B4 (     692.) LONG 2                                                     
                DEVREG          00012E24 00013168 00000345 (     837.) LONG 2                                                     
                DVTAIL          0001316C 00013677 0000050C (    1292.) LONG 2                                                     
                CRYPTK          00013678 00013833 000001BC (     444.) LONG 2                                                     
                TOF             00013834 0001388E 0000005B (      91.) LONG 2                                                     
                BITCNT          00013890 000138CC 0000003D (      61.) LONG 2                                                     
                DUMPREG         000138D0 000139A6 000000D7 (     215.) LONG 2                                                     
                RK06            000139A8 00013F2F 00000588 (    1416.) LONG 2                                                     
                RM03            00013F30 000143E2 000004B3 (    1203.) LONG 2                                                     
                RP05            000143E4 00014951 0000056E (    1390.) LONG 2                                                     
                TE16            00014954 00014D6C 00000419 (    1049.) LONG 2                                                     
                TIMRB           00014D70 00014ED1 00000162 (     354.) LONG 2                                                     
                BITS_OUTPUT     00014ED4 00014FC1 000000EE (     238.) LONG 2                                                     
                BUGCHECK        00014FC4 000150B2 000000EF (     239.) LONG 2                                                     
                CRASH_RESTART   000150B4 0001532A 00000277 (     631.) LONG 2                                                     
                MACCHK          0001532C 0001669D 00001372 (    4978.) LONG 2                                                     
                PSL             000166A0 00016860 000001C1 (     449.) LONG 2                                                     
                REG_SUM         00016864 000168E7 00000084 (     132.) LONG 2                                                     
                SBIER           000168E8 00016AF9 00000212 (     530.) LONG 2                                                     
                SBI_FAULT       00016AFC 00016DD0 000002D5 (     725.) LONG 2                                                     
                SBI_REG         00016DD4 000178FE 00000B2B (    2859.) LONG 2                                                     
                ECC_ALERT       00017900 000183E2 00000AE3 (    2787.) LONG 2                                                     
                VBITCNT         000183E4 0001840F 0000002C (      44.) LONG 2                                                     
                SBITA           00018410 00018584 00000175 (     373.) LONG 2                                                     

MTH$CODE                        00018588 00018611 0000008A (     138.) LONG 2   PIC,USR,CON,REL,LCL,  SHR,  EXE,  RD,NOWRT
                MTH$MOD         00018588 000185AE 00000027 (      39.) LONG 2                                                     
                MTH$BITOPS      000185B0 00018611 00000062 (      98.) LONG 2                                                     

OTS$CODE                        00018614 00018616 00000003 (       3.) LONG 2   PIC,USR,CON,REL,LCL,  SHR,  EXE,  RD,NOWRT
                OTS$LINKAGE     00018614 00018616 00000003 (       3.) LONG 2                                                     

. BLANK .                       00018800 00018807 00000008 (       8.) BYTE 0 NOPIC,USR,CON,REL,LCL,NOSHR,  EXE,  RD,  WRT
                STRING          00018800 00018800 00000000 (       0.) BYTE 0                                                     
                BUGCHKMSG       00018800 00018800 00000000 (       0.) BYTE 0                                                     
                DEBUGBOOT       00018800 00018807 00000008 (       8.) BYTE 0                                                     
                MTH$MOD         00018808 00018808 00000000 (       0.) BYTE 0                                                     
                MTH$BITOPS      00018808 00018808 00000000 (       0.) BYTE 0                                                     
                OTS$LINKAGE     00018808 00018808 00000000 (       0.) BYTE 0                                                     
                SYSVECTOR       00018808 00018808 00000000 (       0.) BYTE 0                                                     

STRING                          00018808 00018838 00000031 (      49.) BYTE 0 NOPIC,USR,CON,REL,LCL,NOSHR,  EXE,  RD,  WRT
                STRING          00018808 00018838 00000031 (      49.) BYTE 0                                                     

Z$INIT__BUGMSG                  0001883A 0001A0C1 00001888 (    6280.) WORD 1 NOPIC,USR,CON,REL,LCL,NOSHR,  EXE,  RD,  WRT
                BUGCHKMSG       0001883A 0001A0C1 00001888 (    6280.) WORD 1                                                     
DBA4:[SYE.OBJ]SYE.EXE;1                                         22-AUG-1978 06:58        LINKER X01.20                    PAGE    6
                                                +-----------------+
                                                ! SYMBOLS BY NAME !
                                                +-----------------+

SYMBOL          VALUE              SYMBOL          VALUE              SYMBOL          VALUE              SYMBOL          VALUE
------          -----              ------          -----              ------          -----              ------          -----
BITCNT          00013890-R         BUG$_ILLVEC     00000190           BUG$_PAGEREDERR 00000328           CRYPTK8         000136C2-R 
BITS_OUTPUT     00014ED4-R         BUG$_INCONSTATE 00000198           BUG$_PAGEWRTERR 00000330           CSTRING         00018808-R 
BUG$T_MESSAGES  0001883A-R         BUG$_INCPTREF   000001A0           BUG$_PAGNTRNVAL 00000338           C_ECC_ALERT     00018369-R 
BUG$_ACPMBFAIL  00000008           BUG$_INSNFREPAG 000001A8           BUG$_PFNLISTCNT 00000340           C_MACCHK        00016676-R 
BUG$_ACPVAFAIL  00000010           BUG$_INSSWPFIL  000001B0           BUG$_PFNREFNZRO 00000348           C_RK06          00013EF6-R 
BUG$_ALCPHD     00000018           BUG$_INSWAPERR  000001B8           BUG$_PGFGBLBAD  00000350           C_RM03          000143A9-R 
BUG$_ALCSMBCLR  00000020           BUG$_INVCHAN    000001C0           BUG$_PGFIPLHI   00000358           C_RP05          00014918-R 
BUG$_APTREFHIGH 00000028           BUG$_INVEXCEPTN 000001C8           BUG$_PGFLOCBAD  00000360           C_SBI_FAULT     00016D8A-R 
BUG$_APTWRTERR  00000030           BUG$_INVPTEFMT  000001D0           BUG$_PROCGONE   00000368           C_TE16          00014D33-R 
BUG$_ASYNCWRTER 00000038           BUG$_INVTQEFMT  000001D8           BUG$_PTELENVIOL 00000370           DEVCHK          00012600-R 
BUG$_BADALORQSZ 00000040           BUG$_IVBAKADIO  000001E0           BUG$_PTRCNT     00000378           DEVREG          00012E24-R 
BUG$_BADBUFADR  00000048           BUG$_IVGBLTYP   000001E8           BUG$_PURGWSSCN  00000380           DUMPREG         000138D0-R 
BUG$_BADBUFTYP  00000050           BUG$_IVLISTK    000001F0           BUG$_QUEUEMPTY  00000388           DVHEAD          000127EC-R 
BUG$_BADDALRQSZ 00000058           BUG$_IVSSRVRQST 000001F8           BUG$_RDSNONRES  00000390           DVTAIL          0001316C-R 
BUG$_BADFID     00000060           BUG$_IVWSETLIST 00000200           BUG$_REFCNTNEG  00000398           ECC_ALERT       00017900-R 
BUG$_BADFORKIPL 00000068           BUG$_KRNLSTAKNV 00000208           BUG$_RMSBUG     000003A0           ERRPRT          00011000-R 
BUG$_BADLCKWSLE 00000070           BUG$_MACHINECHK 00000210           BUG$_SCANDEADPT 000003A8           FOR$$CB_GET     0001A820-RU
BUG$_BADMCKCOD  00000078           BUG$_MAKEWSLE   00000218           BUG$_SECREFNEG  000003B0           FOR$$CB_POP     0001A810-RU
BUG$_BADPAGFILA 00000080           BUG$_MFYNULPGFL 00000228           BUG$_SHRCNTNEG  000003B8           FOR$$CB_PUSH    0001A808-RU
BUG$_BADPAGFILD 00000088           BUG$_MODRELNBAK 00000220           BUG$_SSRVEXCEPT 000003C0           FOR$$CB_RET     0001A818-RU
BUG$_BADPAGTYPE 00000090           BUG$_MPWALCIRP  00000230           BUG$_STRNOTWCB  000003C8           FOR$$ERRSNS_SAV 0001A828-RU
BUG$_BADRSEIPL  00000098           BUG$_MTXCNTNONZ 00000238           BUG$_SWAPWSLE   000003D0           FOR$BACKSPACE   0001A380-RU
BUG$_BADSBMBLK  000000A0           BUG$_NETNOBUF   00000240           BUG$_SYSADJWSL  000003D8           FOR$CLOSE       0001A200-RU
BUG$_BADSWPVBN  000000A8           BUG$_NETNOSTATE 00000248           BUG$_SYSTRMERR  000003E0           FOR$CNV_IN_DEFG 0001A400-RU
BUG$_BADWCBPT   000000B0           BUG$_NETRCVPKT  00000250           BUG$_TIPCUFLOW  000003E8           FOR$CNV_IN_I    0001A410-RU
BUG$_CHMONIS    000000B8           BUG$_NETSYSSRV  00000258           BUG$_UBMAPEXCED 000003F0           FOR$CNV_IN_L    0001A418-RU
BUG$_CONTRACT   000000C0           BUG$_NETTRANCNT 00000260           BUG$_UNABLCREVA 000003F8           FOR$CNV_IN_O    0001A420-RU
BUG$_DBLERR     000000C8           BUG$_NOACPCHAN  00000268           BUG$_UNEXUBAINT 00000400           FOR$CNV_IN_Z    0001A428-RU
BUG$_DECPTREF   000000D0           BUG$_NOACPMAIL  00000270           BUG$_UNKRSTRT   00000408           FOR$CNV_OUT_D   0001A3A8-RU
BUG$_DELCONPFN  000000D8           BUG$_NOAQBACP   00000278           BUG$_UNXINTEXC  00000410           FOR$CNV_OUT_E   0001A3B0-RU
BUG$_DELGBLSEC  000000E0           BUG$_NOBUFPCKT  00000280           BUG$_UNXSIGNAL  00000418           FOR$CNV_OUT_F   0001A3B8-RU
BUG$_DELGBLWCB  000000E8           BUG$_NOBVPVCB   00000288           BUG$_VBNMAPFAIL 00000420           FOR$CNV_OUT_G   0001A3C0-RU
BUG$_DELSUBFLT  000000F0           BUG$_NOMULTBK   00000290           BUG$_WACKQEMPTY 00000428           FOR$CNV_OUT_I   0001A388-RU
BUG$_DELWSLEX   000000F8           BUG$_NONEXSTACP 00000298           BUG$_WRTINVBUF  00000430           FOR$CNV_OUT_L   0001A390-RU
BUG$_DIRENTRY   00000100           BUG$_NORCVBUF   000002A0           BUG$_WRTINVHDR  00000438           FOR$CNV_OUT_O   0001A398-RU
BUG$_DOUBLDALOC 00000108           BUG$_NOTDDBDDB  000002A8           BUG$_WRTPGSBAK  00000440           FOR$CNV_OUT_Z   0001A3A0-RU
BUG$_DOUBLDEALO 00000110           BUG$_NOTFCBFCB  000002B0           BUG$_WSLENOVAL  00000448           FOR$DECODE_MF   0001A208-RU
BUG$_ERRHALT    00000118           BUG$_NOTFCBWCB  000002B8           BUG$_WSLPAGCNT  00000450           FOR$DECODE_MO   0001A210-RU
BUG$_EXHFUL     00000120           BUG$_NOTFCPWCB  000002C0           BUG$_WSLVANVAL  00000458           FOR$DEF_FILE    0001A3C8-RU
BUG$_EXPANDPHD  00000128           BUG$_NOTIRPAQB  000002C8           BUG$_WSLXVANMAT 00000460           FOR$DEF_FILE_W  0001A3D0-RU
BUG$_FATALEXCPT 00000130           BUG$_NOTMTLMTL  000002D0           BUG$_ZEROPAGE   00000468           FOR$ENCODE_MF   0001A218-RU
BUG$_FREEPAGREF 00000138           BUG$_NOTPCB     000002D8           BUGCHECK        00014FC4-R         FOR$ENCODE_MO   0001A220-RU
BUG$_FREWSLX    00000140           BUG$_NOTRVTVCB  000002E0           B_ECC_ALERT     00018284-R         FOR$ENDFILE     0001A3D8-RU
BUG$_GBLPAGSZRO 00000148           BUG$_NOTUCBIRP  000002E8           B_MACCHK        000165E8-R         FOR$ERRSNS      0001A3E0-RU
BUG$_GBLWSLXERR 00000150           BUG$_NOTUCBRVT  000002F0           B_RK06          00013E81-R         FOR$ERRSNS_W    0001A3E8-RU
BUG$_GPGNULPGFL 00000158           BUG$_NOTUCBUCB  000002F8           B_RM03          00014334-R         FOR$EXIT        0001A3F0-RU
BUG$_HALT       00000160           BUG$_NOTVCBUCB  00000300           B_RP05          000148A5-R         FOR$EXIT_W      0001A3F8-RU
BUG$_HDRNOTMAP  00000168           BUG$_NOTVVPVCB  00000308           B_SBI_FAULT     00016D40-R         FOR$FIND        0001A408-RU
BUG$_ICONPFNDAT 00000170           BUG$_NOTWCBIRP  00000310           B_TE16          00014CD5-R         FOR$INI_DES1_R2 0001A430-RU
BUG$_ICPAGELOC  00000178           BUG$_NOUSRWCS   00000318           CRASH_RESTART   000150B4-R         FOR$INI_DES2_R3 0001A438-RU
BUG$_IFREPAGCNT 00000180           BUG$_OPERATOR   00000470           CRYPTK          00013678-R         FOR$INI_DESC_R6 0001A440-RU
BUG$_ILLEVTNUM  00000188           BUG$_OUTSWPERR  00000320           CRYPTK4         0001368E-R         FOR$IO_B_R      0001A2E0-RU
DBA4:[SYE.OBJ]SYE.EXE;1                                         22-AUG-1978 06:58        LINKER X01.20                    PAGE    7

SYMBOL          VALUE              SYMBOL          VALUE              SYMBOL          VALUE              SYMBOL          VALUE
------          -----              ------          -----              ------          -----              ------          -----
FOR$IO_B_V      0001A2E8-RU        LIB$INDEX       0001A718-RU        MTH$DATAN       0001A4E0-RU        OTS$SCOPY_R_DX6 0001A600-RU
FOR$IO_D_R      0001A2C0-RU        LIB$INSV        0001A720-RU        MTH$DATAN2      0001A4E8-RU        OTS$SFREE1_DD   0001A618-RU
FOR$IO_D_V      0001A2C8-RU        LIB$INT_OVER    0001A728-RU        MTH$DATAN_R7    0001A4F0-RU        OTS$SFREE1_DD6  0001A620-RU
FOR$IO_END      0001A2A8-RU        LIB$LOCC        0001A730-RU        MTH$DCOS        0001A528-RU        OTS$SFREEN_DD   0001A628-RU
FOR$IO_FC_R     0001A340-RU        LIB$MATCHC      0001A738-RU        MTH$DCOSH       0001A670-RU        OTS$SFREEN_DD6  0001A630-RU
FOR$IO_FC_V     0001A348-RU        LIB$MATCH_COND  0001A740-RU        MTH$DCOS_R7     0001A530-RU        OTS$SGET1_DD    0001A608-RU
FOR$IO_F_R      0001A2B0-RU        LIB$MOVTC       0001A748-RU        MTH$DEXP        0001A4F8-RU        OTS$SGET1_DD_R6 0001A610-RU
FOR$IO_F_V      0001A2B8-RU        LIB$MOVTUC      0001A750-RU        MTH$DEXP_R7     0001A500-RU        PSL             000166A0-R 
FOR$IO_LU_R     0001A350-RU        LIB$PUT_OUTPUT  0001A758-RU        MTH$DLOG        0001A508-RU        REG_SUM         00016864-R 
FOR$IO_LU_V     0001A358-RU        LIB$REVERT      0001A760-RU        MTH$DLOG10      0001A510-RU        RK06            000139A8-R 
FOR$IO_L_R      0001A2D0-RU        LIB$SCANC       0001A768-RU        MTH$DLOG10_R8   0001A518-RU        RM03            00013F30-R 
FOR$IO_L_V      0001A2D8-RU        LIB$SCOPY_DXDX  0001A770-RU        MTH$DLOG_R8     0001A520-RU        RP05            000143E4-R 
FOR$IO_T_DS     0001A2F0-RU        LIB$SCOPY_DXDX6 0001A778-RU        MTH$DSIN        0001A538-RU        SBIER           000168E8-R 
FOR$IO_T_V_DS   0001A338-RU        LIB$SCOPY_R_DX  0001A780-RU        MTH$DSINH       0001A678-RU        SBITA           00018410-R 
FOR$IO_WU_R     0001A360-RU        LIB$SCOPY_R_DX6 0001A788-RU        MTH$DSIN_R7     0001A540-RU        SBI_FAULT       00016AFC-R 
FOR$IO_WU_V     0001A368-RU        LIB$SFREE1_DD   0001A7A0-RU        MTH$DSQRT       0001A548-RU        SBI_REG         00016DD4-R 
FOR$IO_W_R      0001A2F8-RU        LIB$SFREE1_DD6  0001A7A8-RU        MTH$DSQRT_R5    0001A550-RU        SYEOPEN         00012550-R 
FOR$IO_W_V      0001A300-RU        LIB$SFREEN_DD   0001A7B0-RU        MTH$DTAN        0001A680-RU        SYS$ASCTIM      80000048   
FOR$IO_X_DA     0001A370-RU        LIB$SFREEN_DD6  0001A7B8-RU        MTH$DTANH       0001A688-RU        SYS$BINTIM      80000058   
FOR$OPEN        0001A378-RU        LIB$SGET1_DD    0001A790-RU        MTH$EXP         0001A558-RU        SYS$CONNECT     800003C0   
FOR$PAUSE       0001A448-RU        LIB$SGET1_DD_R6 0001A798-RU        MTH$EXP_R4      0001A560-RU        SYS$FAO         80000150   
FOR$READ_DF     0001A238-RU        LIB$SIGNAL      0001A7C8-RU        MTH$IIAND       000185B0-R         SYS$GETJPI      800002D8   
FOR$READ_DO     0001A240-RU        LIB$SIG_TO_RET  0001A7D8-RU        MTH$IIEOR       000185D8-R         SYS$IMGSTA      80000168   
FOR$READ_DU     0001A248-RU        LIB$SKPC        0001A7E0-RU        MTH$IIOR        000185C6-R         SYS$NUMTIM      800001B8   
FOR$READ_SF     0001A250-RU        LIB$SPANC       0001A7E8-RU        MTH$IISHFT      000185F8-R         SYS$OPEN        80000408   
FOR$READ_SL     0001A258-RU        LIB$STOP        0001A7D0-RU        MTH$IMOD        00018588-R         TE16            00014954-R 
FOR$READ_SO     0001A260-RU        LINCHK          000129AC-R         MTH$INOT        000185EA-R         TIMCMP          000125B0-R 
FOR$READ_SU     0001A268-RU        LSTOPEN         0001257A-R         MTH$JIAND       000185BB-R         TIMRB           00014D70-R 
FOR$REWIND      0001A450-RU        MACCHK          0001532C-R         MTH$JIEOR       000185E1-R         TIMRE           00014DD5-R 
FOR$SECNDS      0001A458-RU        MBAASC          00012FE5-R         MTH$JIOR        000185CF-R         TOF             00013834-R 
FOR$STOP        0001A460-RU        MBAREG          000129EC-R         MTH$JISHFT      00018604-R         UBAREG          00012B70-R 
FOR$WRITE_DF    0001A270-RU        MTH$ACOS        0001A468-RU        MTH$JMOD        000185A0-R         VBITCNT         000183E4-R 
FOR$WRITE_DO    0001A278-RU        MTH$ACOS_R5     0001A470-RU        MTH$JNOT        000185F1-R         
FOR$WRITE_DU    0001A280-RU        MTH$ALOG        0001A478-RU        MTH$RANDOM      0001A690-RU
FOR$WRITE_SF    0001A288-RU        MTH$ALOG10      0001A480-RU        MTH$SIN         0001A578-RU
FOR$WRITE_SL    0001A290-RU        MTH$ALOG10_R5   0001A488-RU        MTH$SINH        0001A698-RU
FOR$WRITE_SO    0001A298-RU        MTH$ALOG_R5     0001A490-RU        MTH$SIN_R4      0001A580-RU
FOR$WRITE_SU    0001A2A0-RU        MTH$ASIN        0001A498-RU        MTH$SQRT        0001A588-RU
FRCTOF          000129D3-R         MTH$ASIN_R5     0001A4A0-RU        MTH$SQRT_R2     0001A590-RU
HEADER          000126B4-R         MTH$ATAN        0001A4A8-RU        MTH$TAN         0001A6A0-RU
LIB$AST_IN_PROG 0001A6B0-RU        MTH$ATAN2       0001A4B0-RU        MTH$TANH        0001A6A8-RU
LIB$CRC         0001A6B8-RU        MTH$ATAN_R4     0001A4B8-RU        OTS$DIVC        0001A598-RU
LIB$CRC_TABLE   0001A6C0-RU        MTH$CABS        0001A638-RU        OTS$LINKAGE     00018614-R 
LIB$DEC_OVER    0001A6C8-RU        MTH$CCOS        0001A658-RU        OTS$POWCJ       0001A5A0-RU
LIB$ESTABLISH   0001A6D0-RU        MTH$CEXP        0001A640-RU        OTS$POWDD       0001A5A8-RU
LIB$EXTV        0001A6D8-RU        MTH$CLOG        0001A648-RU        OTS$POWDJ       0001A5C0-RU
LIB$EXTZV       0001A6E0-RU        MTH$COS         0001A568-RU        OTS$POWDR       0001A5B0-RU
LIB$FFC         0001A6E8-RU        MTH$COSH        0001A650-RU        OTS$POWII       0001A5C8-RU
LIB$FFS         0001A6F0-RU        MTH$COS_R4      0001A570-RU        OTS$POWJJ       0001A5D0-RU
LIB$FIXUP_FLT   0001A6F8-RU        MTH$CSIN        0001A660-RU        OTS$POWRD       0001A5B8-RU
LIB$FLT_UNDER   0001A700-RU        MTH$CSQRT       0001A668-RU        OTS$POWRJ       0001A5D8-RU
LIB$FREE_VM     0001A7F0-RU        MTH$DACOS       0001A4C0-RU        OTS$POWRR       0001A5E0-RU
LIB$GET_COMMAND 0001A710-RU        MTH$DACOS_R9    0001A4C8-RU        OTS$SCOPY_DXDX  0001A5E8-RU
LIB$GET_INPUT   0001A708-RU        MTH$DASIN       0001A4D0-RU        OTS$SCOPY_DXDX6 0001A5F0-RU
LIB$GET_VM      0001A7F8-RU        MTH$DASIN_R9    0001A4D8-RU        OTS$SCOPY_R_DX  0001A5F8-RU
DBA4:[SYE.OBJ]SYE.EXE;1                                         22-AUG-1978 06:58        LINKER X01.20                    PAGE    8
                                                +------------------+
                                                ! SYMBOLS BY VALUE !
                                                +------------------+

VALUE                                   SYMBOLS...
-----                                   ----------
00000008       BUG$_ACPMBFAIL 
00000010       BUG$_ACPVAFAIL 
00000018       BUG$_ALCPHD    
00000020       BUG$_ALCSMBCLR 
00000028       BUG$_APTREFHIGH
00000030       BUG$_APTWRTERR 
00000038       BUG$_ASYNCWRTER
00000040       BUG$_BADALORQSZ
00000048       BUG$_BADBUFADR 
00000050       BUG$_BADBUFTYP 
00000058       BUG$_BADDALRQSZ
00000060       BUG$_BADFID    
00000068       BUG$_BADFORKIPL
00000070       BUG$_BADLCKWSLE
00000078       BUG$_BADMCKCOD 
00000080       BUG$_BADPAGFILA
00000088       BUG$_BADPAGFILD
00000090       BUG$_BADPAGTYPE
00000098       BUG$_BADRSEIPL 
000000A0       BUG$_BADSBMBLK 
000000A8       BUG$_BADSWPVBN 
000000B0       BUG$_BADWCBPT  
000000B8       BUG$_CHMONIS   
000000C0       BUG$_CONTRACT  
000000C8       BUG$_DBLERR    
000000D0       BUG$_DECPTREF  
000000D8       BUG$_DELCONPFN 
000000E0       BUG$_DELGBLSEC 
000000E8       BUG$_DELGBLWCB 
000000F0       BUG$_DELSUBFLT 
000000F8       BUG$_DELWSLEX  
00000100       BUG$_DIRENTRY  
00000108       BUG$_DOUBLDALOC
00000110       BUG$_DOUBLDEALO
00000118       BUG$_ERRHALT   
00000120       BUG$_EXHFUL    
00000128       BUG$_EXPANDPHD 
00000130       BUG$_FATALEXCPT
00000138       BUG$_FREEPAGREF
00000140       BUG$_FREWSLX   
00000148       BUG$_GBLPAGSZRO
00000150       BUG$_GBLWSLXERR
00000158       BUG$_GPGNULPGFL
00000160       BUG$_HALT      
00000168       BUG$_HDRNOTMAP 
00000170       BUG$_ICONPFNDAT
00000178       BUG$_ICPAGELOC 
00000180       BUG$_IFREPAGCNT
00000188       BUG$_ILLEVTNUM 
00000190       BUG$_ILLVEC    
00000198       BUG$_INCONSTATE
000001A0       BUG$_INCPTREF  
DBA4:[SYE.OBJ]SYE.EXE;1                                         22-AUG-1978 06:58        LINKER X01.20                    PAGE    9

VALUE                                   SYMBOLS...
-----                                   ----------
000001A8       BUG$_INSNFREPAG
000001B0       BUG$_INSSWPFIL 
000001B8       BUG$_INSWAPERR 
000001C0       BUG$_INVCHAN   
000001C8       BUG$_INVEXCEPTN
000001D0       BUG$_INVPTEFMT 
000001D8       BUG$_INVTQEFMT 
000001E0       BUG$_IVBAKADIO 
000001E8       BUG$_IVGBLTYP  
000001F0       BUG$_IVLISTK   
000001F8       BUG$_IVSSRVRQST
00000200       BUG$_IVWSETLIST
00000208       BUG$_KRNLSTAKNV
00000210       BUG$_MACHINECHK
00000218       BUG$_MAKEWSLE  
00000220       BUG$_MODRELNBAK
00000228       BUG$_MFYNULPGFL
00000230       BUG$_MPWALCIRP 
00000238       BUG$_MTXCNTNONZ
00000240       BUG$_NETNOBUF  
00000248       BUG$_NETNOSTATE
00000250       BUG$_NETRCVPKT 
00000258       BUG$_NETSYSSRV 
00000260       BUG$_NETTRANCNT
00000268       BUG$_NOACPCHAN 
00000270       BUG$_NOACPMAIL 
00000278       BUG$_NOAQBACP  
00000280       BUG$_NOBUFPCKT 
00000288       BUG$_NOBVPVCB  
00000290       BUG$_NOMULTBK  
00000298       BUG$_NONEXSTACP
000002A0       BUG$_NORCVBUF  
000002A8       BUG$_NOTDDBDDB 
000002B0       BUG$_NOTFCBFCB 
000002B8       BUG$_NOTFCBWCB 
000002C0       BUG$_NOTFCPWCB 
000002C8       BUG$_NOTIRPAQB 
000002D0       BUG$_NOTMTLMTL 
000002D8       BUG$_NOTPCB    
000002E0       BUG$_NOTRVTVCB 
000002E8       BUG$_NOTUCBIRP 
000002F0       BUG$_NOTUCBRVT 
000002F8       BUG$_NOTUCBUCB 
00000300       BUG$_NOTVCBUCB 
00000308       BUG$_NOTVVPVCB 
00000310       BUG$_NOTWCBIRP 
00000318       BUG$_NOUSRWCS  
00000320       BUG$_OUTSWPERR 
00000328       BUG$_PAGEREDERR
00000330       BUG$_PAGEWRTERR
00000338       BUG$_PAGNTRNVAL
00000340       BUG$_PFNLISTCNT
00000348       BUG$_PFNREFNZRO
00000350       BUG$_PGFGBLBAD 
00000358       BUG$_PGFIPLHI  
DBA4:[SYE.OBJ]SYE.EXE;1                                         22-AUG-1978 06:58        LINKER X01.20                    PAGE   10

VALUE                                   SYMBOLS...
-----                                   ----------
00000360       BUG$_PGFLOCBAD 
00000368       BUG$_PROCGONE  
00000370       BUG$_PTELENVIOL
00000378       BUG$_PTRCNT    
00000380       BUG$_PURGWSSCN 
00000388       BUG$_QUEUEMPTY 
00000390       BUG$_RDSNONRES 
00000398       BUG$_REFCNTNEG 
000003A0       BUG$_RMSBUG    
000003A8       BUG$_SCANDEADPT
000003B0       BUG$_SECREFNEG 
000003B8       BUG$_SHRCNTNEG 
000003C0       BUG$_SSRVEXCEPT
000003C8       BUG$_STRNOTWCB 
000003D0       BUG$_SWAPWSLE  
000003D8       BUG$_SYSADJWSL 
000003E0       BUG$_SYSTRMERR 
000003E8       BUG$_TIPCUFLOW 
000003F0       BUG$_UBMAPEXCED
000003F8       BUG$_UNABLCREVA
00000400       BUG$_UNEXUBAINT
00000408       BUG$_UNKRSTRT  
00000410       BUG$_UNXINTEXC 
00000418       BUG$_UNXSIGNAL 
00000420       BUG$_VBNMAPFAIL
00000428       BUG$_WACKQEMPTY
00000430       BUG$_WRTINVBUF 
00000438       BUG$_WRTINVHDR 
00000440       BUG$_WRTPGSBAK 
00000448       BUG$_WSLENOVAL 
00000450       BUG$_WSLPAGCNT 
00000458       BUG$_WSLVANVAL 
00000460       BUG$_WSLXVANMAT
00000468       BUG$_ZEROPAGE  
00000470       BUG$_OPERATOR  
00011000     R-ERRPRT         
00012550     R-SYEOPEN        
0001257A     R-LSTOPEN        
000125B0     R-TIMCMP         
00012600     R-DEVCHK         
000126B4     R-HEADER         
000127EC     R-DVHEAD         
000129AC     R-LINCHK         
000129D3     R-FRCTOF         
000129EC     R-MBAREG         
00012B70     R-UBAREG         
00012E24     R-DEVREG         
00012FE5     R-MBAASC         
0001316C     R-DVTAIL         
00013678     R-CRYPTK         
0001368E     R-CRYPTK4        
000136C2     R-CRYPTK8        
00013834     R-TOF            
00013890     R-BITCNT         
000138D0     R-DUMPREG        
DBA4:[SYE.OBJ]SYE.EXE;1                                         22-AUG-1978 06:58        LINKER X01.20                    PAGE   11

VALUE                                   SYMBOLS...
-----                                   ----------
000139A8     R-RK06           
00013E81     R-B_RK06         
00013EF6     R-C_RK06         
00013F30     R-RM03           
00014334     R-B_RM03         
000143A9     R-C_RM03         
000143E4     R-RP05           
000148A5     R-B_RP05         
00014918     R-C_RP05         
00014954     R-TE16           
00014CD5     R-B_TE16         
00014D33     R-C_TE16         
00014D70     R-TIMRB          
00014DD5     R-TIMRE          
00014ED4     R-BITS_OUTPUT    
00014FC4     R-BUGCHECK       
000150B4     R-CRASH_RESTART  
0001532C     R-MACCHK         
000165E8     R-B_MACCHK       
00016676     R-C_MACCHK       
000166A0     R-PSL            
00016864     R-REG_SUM        
000168E8     R-SBIER          
00016AFC     R-SBI_FAULT      
00016D40     R-B_SBI_FAULT    
00016D8A     R-C_SBI_FAULT    
00016DD4     R-SBI_REG        
00017900     R-ECC_ALERT      
00018284     R-B_ECC_ALERT    
00018369     R-C_ECC_ALERT    
000183E4     R-VBITCNT        
00018410     R-SBITA          
00018588     R-MTH$IMOD       
000185A0     R-MTH$JMOD       
000185B0     R-MTH$IIAND      
000185BB     R-MTH$JIAND      
000185C6     R-MTH$IIOR       
000185CF     R-MTH$JIOR       
000185D8     R-MTH$IIEOR      
000185E1     R-MTH$JIEOR      
000185EA     R-MTH$INOT       
000185F1     R-MTH$JNOT       
000185F8     R-MTH$IISHFT     
00018604     R-MTH$JISHFT     
00018614     R-OTS$LINKAGE    
00018808     R-CSTRING        
0001883A     R-BUG$T_MESSAGES 
0001A200    RU-FOR$CLOSE      
0001A208    RU-FOR$DECODE_MF  
0001A210    RU-FOR$DECODE_MO  
0001A218    RU-FOR$ENCODE_MF  
0001A220    RU-FOR$ENCODE_MO  
0001A238    RU-FOR$READ_DF    
0001A240    RU-FOR$READ_DO    
0001A248    RU-FOR$READ_DU    
DBA4:[SYE.OBJ]SYE.EXE;1                                         22-AUG-1978 06:58        LINKER X01.20                    PAGE   12

VALUE                                   SYMBOLS...
-----                                   ----------
0001A250    RU-FOR$READ_SF    
0001A258    RU-FOR$READ_SL    
0001A260    RU-FOR$READ_SO    
0001A268    RU-FOR$READ_SU    
0001A270    RU-FOR$WRITE_DF   
0001A278    RU-FOR$WRITE_DO   
0001A280    RU-FOR$WRITE_DU   
0001A288    RU-FOR$WRITE_SF   
0001A290    RU-FOR$WRITE_SL   
0001A298    RU-FOR$WRITE_SO   
0001A2A0    RU-FOR$WRITE_SU   
0001A2A8    RU-FOR$IO_END     
0001A2B0    RU-FOR$IO_F_R     
0001A2B8    RU-FOR$IO_F_V     
0001A2C0    RU-FOR$IO_D_R     
0001A2C8    RU-FOR$IO_D_V     
0001A2D0    RU-FOR$IO_L_R     
0001A2D8    RU-FOR$IO_L_V     
0001A2E0    RU-FOR$IO_B_R     
0001A2E8    RU-FOR$IO_B_V     
0001A2F0    RU-FOR$IO_T_DS    
0001A2F8    RU-FOR$IO_W_R     
0001A300    RU-FOR$IO_W_V     
0001A338    RU-FOR$IO_T_V_DS  
0001A340    RU-FOR$IO_FC_R    
0001A348    RU-FOR$IO_FC_V    
0001A350    RU-FOR$IO_LU_R    
0001A358    RU-FOR$IO_LU_V    
0001A360    RU-FOR$IO_WU_R    
0001A368    RU-FOR$IO_WU_V    
0001A370    RU-FOR$IO_X_DA    
0001A378    RU-FOR$OPEN       
0001A380    RU-FOR$BACKSPACE  
0001A388    RU-FOR$CNV_OUT_I  
0001A390    RU-FOR$CNV_OUT_L  
0001A398    RU-FOR$CNV_OUT_O  
0001A3A0    RU-FOR$CNV_OUT_Z  
0001A3A8    RU-FOR$CNV_OUT_D  
0001A3B0    RU-FOR$CNV_OUT_E  
0001A3B8    RU-FOR$CNV_OUT_F  
0001A3C0    RU-FOR$CNV_OUT_G  
0001A3C8    RU-FOR$DEF_FILE   
0001A3D0    RU-FOR$DEF_FILE_W 
0001A3D8    RU-FOR$ENDFILE    
0001A3E0    RU-FOR$ERRSNS     
0001A3E8    RU-FOR$ERRSNS_W   
0001A3F0    RU-FOR$EXIT       
0001A3F8    RU-FOR$EXIT_W     
0001A400    RU-FOR$CNV_IN_DEFG
0001A408    RU-FOR$FIND       
0001A410    RU-FOR$CNV_IN_I   
0001A418    RU-FOR$CNV_IN_L   
0001A420    RU-FOR$CNV_IN_O   
0001A428    RU-FOR$CNV_IN_Z   
0001A430    RU-FOR$INI_DES1_R2
DBA4:[SYE.OBJ]SYE.EXE;1                                         22-AUG-1978 06:58        LINKER X01.20                    PAGE   13

VALUE                                   SYMBOLS...
-----                                   ----------
0001A438    RU-FOR$INI_DES2_R3
0001A440    RU-FOR$INI_DESC_R6
0001A448    RU-FOR$PAUSE      
0001A450    RU-FOR$REWIND     
0001A458    RU-FOR$SECNDS     
0001A460    RU-FOR$STOP       
0001A468    RU-MTH$ACOS       
0001A470    RU-MTH$ACOS_R5    
0001A478    RU-MTH$ALOG       
0001A480    RU-MTH$ALOG10     
0001A488    RU-MTH$ALOG10_R5  
0001A490    RU-MTH$ALOG_R5    
0001A498    RU-MTH$ASIN       
0001A4A0    RU-MTH$ASIN_R5    
0001A4A8    RU-MTH$ATAN       
0001A4B0    RU-MTH$ATAN2      
0001A4B8    RU-MTH$ATAN_R4    
0001A4C0    RU-MTH$DACOS      
0001A4C8    RU-MTH$DACOS_R9   
0001A4D0    RU-MTH$DASIN      
0001A4D8    RU-MTH$DASIN_R9   
0001A4E0    RU-MTH$DATAN      
0001A4E8    RU-MTH$DATAN2     
0001A4F0    RU-MTH$DATAN_R7   
0001A4F8    RU-MTH$DEXP       
0001A500    RU-MTH$DEXP_R7    
0001A508    RU-MTH$DLOG       
0001A510    RU-MTH$DLOG10     
0001A518    RU-MTH$DLOG10_R8  
0001A520    RU-MTH$DLOG_R8    
0001A528    RU-MTH$DCOS       
0001A530    RU-MTH$DCOS_R7    
0001A538    RU-MTH$DSIN       
0001A540    RU-MTH$DSIN_R7    
0001A548    RU-MTH$DSQRT      
0001A550    RU-MTH$DSQRT_R5   
0001A558    RU-MTH$EXP        
0001A560    RU-MTH$EXP_R4     
0001A568    RU-MTH$COS        
0001A570    RU-MTH$COS_R4     
0001A578    RU-MTH$SIN        
0001A580    RU-MTH$SIN_R4     
0001A588    RU-MTH$SQRT       
0001A590    RU-MTH$SQRT_R2    
0001A598    RU-OTS$DIVC       
0001A5A0    RU-OTS$POWCJ      
0001A5A8    RU-OTS$POWDD      
0001A5B0    RU-OTS$POWDR      
0001A5B8    RU-OTS$POWRD      
0001A5C0    RU-OTS$POWDJ      
0001A5C8    RU-OTS$POWII      
0001A5D0    RU-OTS$POWJJ      
0001A5D8    RU-OTS$POWRJ      
0001A5E0    RU-OTS$POWRR      
0001A5E8    RU-OTS$SCOPY_DXDX 
DBA4:[SYE.OBJ]SYE.EXE;1                                         22-AUG-1978 06:58        LINKER X01.20                    PAGE   14

VALUE                                   SYMBOLS...
-----                                   ----------
0001A5F0    RU-OTS$SCOPY_DXDX6
0001A5F8    RU-OTS$SCOPY_R_DX 
0001A600    RU-OTS$SCOPY_R_DX6
0001A608    RU-OTS$SGET1_DD   
0001A610    RU-OTS$SGET1_DD_R6
0001A618    RU-OTS$SFREE1_DD  
0001A620    RU-OTS$SFREE1_DD6 
0001A628    RU-OTS$SFREEN_DD  
0001A630    RU-OTS$SFREEN_DD6 
0001A638    RU-MTH$CABS       
0001A640    RU-MTH$CEXP       
0001A648    RU-MTH$CLOG       
0001A650    RU-MTH$COSH       
0001A658    RU-MTH$CCOS       
0001A660    RU-MTH$CSIN       
0001A668    RU-MTH$CSQRT      
0001A670    RU-MTH$DCOSH      
0001A678    RU-MTH$DSINH      
0001A680    RU-MTH$DTAN       
0001A688    RU-MTH$DTANH      
0001A690    RU-MTH$RANDOM     
0001A698    RU-MTH$SINH       
0001A6A0    RU-MTH$TAN        
0001A6A8    RU-MTH$TANH       
0001A6B0    RU-LIB$AST_IN_PROG
0001A6B8    RU-LIB$CRC        
0001A6C0    RU-LIB$CRC_TABLE  
0001A6C8    RU-LIB$DEC_OVER   
0001A6D0    RU-LIB$ESTABLISH  
0001A6D8    RU-LIB$EXTV       
0001A6E0    RU-LIB$EXTZV      
0001A6E8    RU-LIB$FFC        
0001A6F0    RU-LIB$FFS        
0001A6F8    RU-LIB$FIXUP_FLT  
0001A700    RU-LIB$FLT_UNDER  
0001A708    RU-LIB$GET_INPUT  
0001A710    RU-LIB$GET_COMMAND
0001A718    RU-LIB$INDEX      
0001A720    RU-LIB$INSV       
0001A728    RU-LIB$INT_OVER   
0001A730    RU-LIB$LOCC       
0001A738    RU-LIB$MATCHC     
0001A740    RU-LIB$MATCH_COND 
0001A748    RU-LIB$MOVTC      
0001A750    RU-LIB$MOVTUC     
0001A758    RU-LIB$PUT_OUTPUT 
0001A760    RU-LIB$REVERT     
0001A768    RU-LIB$SCANC      
0001A770    RU-LIB$SCOPY_DXDX 
0001A778    RU-LIB$SCOPY_DXDX6
0001A780    RU-LIB$SCOPY_R_DX 
0001A788    RU-LIB$SCOPY_R_DX6
0001A790    RU-LIB$SGET1_DD   
0001A798    RU-LIB$SGET1_DD_R6
0001A7A0    RU-LIB$SFREE1_DD  
DBA4:[SYE.OBJ]SYE.EXE;1                                         22-AUG-1978 06:58        LINKER X01.20                    PAGE   15

VALUE                                   SYMBOLS...
-----                                   ----------
0001A7A8    RU-LIB$SFREE1_DD6 
0001A7B0    RU-LIB$SFREEN_DD  
0001A7B8    RU-LIB$SFREEN_DD6 
0001A7C8    RU-LIB$SIGNAL     
0001A7D0    RU-LIB$STOP       
0001A7D8    RU-LIB$SIG_TO_RET 
0001A7E0    RU-LIB$SKPC       
0001A7E8    RU-LIB$SPANC      
0001A7F0    RU-LIB$FREE_VM    
0001A7F8    RU-LIB$GET_VM     
0001A808    RU-FOR$$CB_PUSH   
0001A810    RU-FOR$$CB_POP    
0001A818    RU-FOR$$CB_RET    
0001A820    RU-FOR$$CB_GET    
0001A828    RU-FOR$$ERRSNS_SAV
80000048       SYS$ASCTIM     
80000058       SYS$BINTIM     
80000150       SYS$FAO        
80000168       SYS$IMGSTA     
800001B8       SYS$NUMTIM     
800002D8       SYS$GETJPI     
800003C0       SYS$CONNECT    
80000408       SYS$OPEN       



	KEY FOR SPECIAL CHARACTERS ABOVE:
		+------------------+
		! *  - UNDEFINED   !
		! U  - UNIVERSAL   !
		! R  - RELOCATABLE !
		! WK - WEAK        !
		+------------------+
DBA4:[SYE.OBJ]SYE.EXE;1                                         22-AUG-1978 06:58        LINKER X01.20                    PAGE   16
                                                 +----------------+
                                                 ! IMAGE SYNOPSIS !
                                                 +----------------+

VIRTUAL MEMORY ALLOCATED:                00000200 00020FFF 00020E00 (134656. BYTES, 263. PAGES)
STACK SIZE:                                    20. PAGES
IMAGE HEADER VIRTUAL BLOCK LIMITS:              1.        1. (    1. BLOCK)
IMAGE BINARY VIRTUAL BLOCK LIMITS:              2.      209. (  208. BLOCKS)
IMAGE NAME AND IDENTIFICATION:           SYE 01
NUMBER OF FILES:                                5.
NUMBER OF MODULES:                             40.
NUMBER OF PROGRAM SECTIONS:                    17.
NUMBER OF GLOBAL SYMBOLS:                     405.
NUMBER OF IMAGE SECTIONS:                       8.
USER TRANSFER ADDRESS:                   00011000
DEBUGGER TRANSFER ADDRESS:               00018800
IMAGE TYPE:                              EXECUTABLE.
MAP FORMAT:                              FULL IN FILE "DBA4:[SYE.LIS]SYE.MAP;1"
ESTIMATED MAP LENGTH:                    101. BLOCKS
                                              +---------------------+
                                              ! LINK RUN STATISTICS !
                                              +---------------------+

PERFORMANCE INDICATORS                            PAGE FAULTS	CPU TIME	ELAPSED TIME
----------- ----------                            ---- ------	--- ----	------- ----
    COMMAND PROCESSING:-                                    9	00:00:00.06	00:00:00.53
    PASS 1:-                                              124	00:00:02.38	00:00:11.58
    ALLOCATION/RELOCATION:-                                42	00:00:00.37	00:00:00.79
    PASS 2:-                                              226	00:00:04.34	00:00:11.10
    MAP DATA AFTER OBJECT MODULE SYNOPSIS:-                 4	00:00:01.96	00:00:02.84
    SYMBOL TABLE OUTPUT:-                                   0	00:00:00.02	00:00:00.14
TOTAL RUN VALUES:-                                        405	00:00:09.13	00:00:27.03

USING A WORKING SET LIMITED TO 700 PAGES AND 69 PAGES OF DATA STORAGE (EXCLUDING IMAGE)

TOTAL NUMBER OBJECT RECORDS READ (BOTH PASSES):   1816
    OF WHICH 892 WERE IN LIBRARIES AND 77 WERE DEBUG DATA RECORDS CONTAINING 4213 BYTES
3955 BYTES OF DEBUG DATA WERE WRITTEN,STARTING AT VBN 210 WITH 8 BLOCKS ALLOCATED

THERE WERE 20 LIBRARY BLOCK READ OPERATIONS
    WHICH ENCOMPASSED A TOTAL OF 158 BLOCKS
    USING A WINDOW OF 10 BLOCKS

NUMBER OF MODULES EXTRACTED EXPLICITLY             = 33
    WITH 5 EXTRACTED TO RESOLVE UNDEFINED SYMBOLS

71 LIBRARY SEARCHES WERE FOR SYMBOLS NOT IN THE LIBRARY SEARCHED

A TOTAL OF 0 GLOBAL SYMBOL TABLE RECORDS WAS WRITTEN
